ROW_01	TradeName 1	LegName 1	ROW_11	TradeName 1	LegName 2	ROW_21	TradeName 1	LegName 3	ROW_31	TradeName 1	LegName 4	ROW_41	TradeName 1	LegName 5	ROW_51	TradeName 1	LegName 6	ROW_61	TradeName 1	LegName 7	ROW_71	TradeName 1	LegName 8	ROW_81	TradeName 1	LegName 9	ROW_91	TradeName 1	LegName 10	ROW_102	TradeName 2	LegName 1	ROW_112	TradeName 2	LegName 2	ROW_122	TradeName 2	LegName 3	ROW_132	TradeName 2	LegName 4	ROW_142	TradeName 2	LegName 5	ROW_152	TradeName 2	LegName 6	ROW_162	TradeName 2	LegName 7	ROW_172	TradeName 2	LegName 8	ROW_182	TradeName 2	LegName 9	ROW_192	TradeName 2	LegName 10	ROW_203	TradeName 3	LegName 1	ROW_213	TradeName 3	LegName 2	ROW_223	TradeName 3	LegName 3	ROW_233	TradeName 3	LegName 4	ROW_243	TradeName 3	LegName 5	ROW_253	TradeName 3	LegName 6	ROW_263	TradeName 3	LegName 7	ROW_273	TradeName 3	LegName 8	ROW_283	TradeName 3	LegName 9	ROW_293	TradeName 3	LegName 10	