ROW_0Tue May 22 09:39:08 CDT 2012	TradeName 1	1	false	ROW_1Tue May 22 09:39:08 CDT 2012	TradeName 2	2	true	ROW_2Tue May 22 09:39:08 CDT 2012	TradeName 3	3	false	