ROW_01	TradeName 1	LegName 1	Leg 1, transaction line item 1	ROW_11	TradeName 1	LegName 1	Leg 1, transaction line item 2	ROW_21	TradeName 1	LegName 1	Leg 1, transaction line item 3	ROW_31	TradeName 1	LegName 1	Leg 1, transaction line item 4	ROW_41	TradeName 1	LegName 1	Leg 1, transaction line item 5	ROW_51	TradeName 1	LegName 2	Leg 2, transaction line item 1	ROW_61	TradeName 1	LegName 2	Leg 2, transaction line item 2	ROW_71	TradeName 1	LegName 2	Leg 2, transaction line item 3	ROW_81	TradeName 1	LegName 2	Leg 2, transaction line item 4	ROW_91	TradeName 1	LegName 2	Leg 2, transaction line item 5	ROW_101	TradeName 1	LegName 3	Leg 3, transaction line item 1	ROW_111	TradeName 1	LegName 3	Leg 3, transaction line item 2	ROW_121	TradeName 1	LegName 3	Leg 3, transaction line item 3	ROW_131	TradeName 1	LegName 3	Leg 3, transaction line item 4	ROW_141	TradeName 1	LegName 3	Leg 3, transaction line item 5	ROW_151	TradeName 1	LegName 4	Leg 4, transaction line item 1	ROW_161	TradeName 1	LegName 4	Leg 4, transaction line item 2	ROW_171	TradeName 1	LegName 4	Leg 4, transaction line item 3	ROW_181	TradeName 1	LegName 4	Leg 4, transaction line item 4	ROW_191	TradeName 1	LegName 4	Leg 4, transaction line item 5	ROW_201	TradeName 1	LegName 5	Leg 5, transaction line item 1	ROW_211	TradeName 1	LegName 5	Leg 5, transaction line item 2	ROW_221	TradeName 1	LegName 5	Leg 5, transaction line item 3	ROW_231	TradeName 1	LegName 5	Leg 5, transaction line item 4	ROW_241	TradeName 1	LegName 5	Leg 5, transaction line item 5	ROW_251	TradeName 1	LegName 6	Leg 6, transaction line item 1	ROW_261	TradeName 1	LegName 6	Leg 6, transaction line item 2	ROW_271	TradeName 1	LegName 6	Leg 6, transaction line item 3	ROW_281	TradeName 1	LegName 6	Leg 6, transaction line item 4	ROW_291	TradeName 1	LegName 6	Leg 6, transaction line item 5	ROW_301	TradeName 1	LegName 7	Leg 7, transaction line item 1	ROW_311	TradeName 1	LegName 7	Leg 7, transaction line item 2	ROW_321	TradeName 1	LegName 7	Leg 7, transaction line item 3	ROW_331	TradeName 1	LegName 7	Leg 7, transaction line item 4	ROW_341	TradeName 1	LegName 7	Leg 7, transaction line item 5	ROW_351	TradeName 1	LegName 8	Leg 8, transaction line item 1	ROW_361	TradeName 1	LegName 8	Leg 8, transaction line item 2	ROW_371	TradeName 1	LegName 8	Leg 8, transaction line item 3	ROW_381	TradeName 1	LegName 8	Leg 8, transaction line item 4	ROW_391	TradeName 1	LegName 8	Leg 8, transaction line item 5	ROW_401	TradeName 1	LegName 9	Leg 9, transaction line item 1	ROW_411	TradeName 1	LegName 9	Leg 9, transaction line item 2	ROW_421	TradeName 1	LegName 9	Leg 9, transaction line item 3	ROW_431	TradeName 1	LegName 9	Leg 9, transaction line item 4	ROW_441	TradeName 1	LegName 9	Leg 9, transaction line item 5	ROW_451	TradeName 1	LegName 10	Leg 10, transaction line item 1	ROW_461	TradeName 1	LegName 10	Leg 10, transaction line item 2	ROW_471	TradeName 1	LegName 10	Leg 10, transaction line item 3	ROW_481	TradeName 1	LegName 10	Leg 10, transaction line item 4	ROW_491	TradeName 1	LegName 10	Leg 10, transaction line item 5	ROW_502	TradeName 2	LegName 1	Leg 1, transaction line item 1	ROW_512	TradeName 2	LegName 1	Leg 1, transaction line item 2	ROW_522	TradeName 2	LegName 1	Leg 1, transaction line item 3	ROW_532	TradeName 2	LegName 1	Leg 1, transaction line item 4	ROW_542	TradeName 2	LegName 1	Leg 1, transaction line item 5	ROW_552	TradeName 2	LegName 2	Leg 2, transaction line item 1	ROW_562	TradeName 2	LegName 2	Leg 2, transaction line item 2	ROW_572	TradeName 2	LegName 2	Leg 2, transaction line item 3	ROW_582	TradeName 2	LegName 2	Leg 2, transaction line item 4	ROW_592	TradeName 2	LegName 2	Leg 2, transaction line item 5	ROW_602	TradeName 2	LegName 3	Leg 3, transaction line item 1	ROW_612	TradeName 2	LegName 3	Leg 3, transaction line item 2	ROW_622	TradeName 2	LegName 3	Leg 3, transaction line item 3	ROW_632	TradeName 2	LegName 3	Leg 3, transaction line item 4	ROW_642	TradeName 2	LegName 3	Leg 3, transaction line item 5	ROW_652	TradeName 2	LegName 4	Leg 4, transaction line item 1	ROW_662	TradeName 2	LegName 4	Leg 4, transaction line item 2	ROW_672	TradeName 2	LegName 4	Leg 4, transaction line item 3	ROW_682	TradeName 2	LegName 4	Leg 4, transaction line item 4	ROW_692	TradeName 2	LegName 4	Leg 4, transaction line item 5	ROW_702	TradeName 2	LegName 5	Leg 5, transaction line item 1	ROW_712	TradeName 2	LegName 5	Leg 5, transaction line item 2	ROW_722	TradeName 2	LegName 5	Leg 5, transaction line item 3	ROW_732	TradeName 2	LegName 5	Leg 5, transaction line item 4	ROW_742	TradeName 2	LegName 5	Leg 5, transaction line item 5	ROW_752	TradeName 2	LegName 6	Leg 6, transaction line item 1	ROW_762	TradeName 2	LegName 6	Leg 6, transaction line item 2	ROW_772	TradeName 2	LegName 6	Leg 6, transaction line item 3	ROW_782	TradeName 2	LegName 6	Leg 6, transaction line item 4	ROW_792	TradeName 2	LegName 6	Leg 6, transaction line item 5	ROW_802	TradeName 2	LegName 7	Leg 7, transaction line item 1	ROW_812	TradeName 2	LegName 7	Leg 7, transaction line item 2	ROW_822	TradeName 2	LegName 7	Leg 7, transaction line item 3	ROW_832	TradeName 2	LegName 7	Leg 7, transaction line item 4	ROW_842	TradeName 2	LegName 7	Leg 7, transaction line item 5	ROW_852	TradeName 2	LegName 8	Leg 8, transaction line item 1	ROW_862	TradeName 2	LegName 8	Leg 8, transaction line item 2	ROW_872	TradeName 2	LegName 8	Leg 8, transaction line item 3	ROW_882	TradeName 2	LegName 8	Leg 8, transaction line item 4	ROW_892	TradeName 2	LegName 8	Leg 8, transaction line item 5	ROW_902	TradeName 2	LegName 9	Leg 9, transaction line item 1	ROW_912	TradeName 2	LegName 9	Leg 9, transaction line item 2	ROW_922	TradeName 2	LegName 9	Leg 9, transaction line item 3	ROW_932	TradeName 2	LegName 9	Leg 9, transaction line item 4	ROW_942	TradeName 2	LegName 9	Leg 9, transaction line item 5	ROW_952	TradeName 2	LegName 10	Leg 10, transaction line item 1	ROW_962	TradeName 2	LegName 10	Leg 10, transaction line item 2	ROW_972	TradeName 2	LegName 10	Leg 10, transaction line item 3	ROW_982	TradeName 2	LegName 10	Leg 10, transaction line item 4	ROW_992	TradeName 2	LegName 10	Leg 10, transaction line item 5	ROW_1003	TradeName 3	LegName 1	Leg 1, transaction line item 1	ROW_1013	TradeName 3	LegName 1	Leg 1, transaction line item 2	ROW_1023	TradeName 3	LegName 1	Leg 1, transaction line item 3	ROW_1033	TradeName 3	LegName 1	Leg 1, transaction line item 4	ROW_1043	TradeName 3	LegName 1	Leg 1, transaction line item 5	ROW_1053	TradeName 3	LegName 2	Leg 2, transaction line item 1	ROW_1063	TradeName 3	LegName 2	Leg 2, transaction line item 2	ROW_1073	TradeName 3	LegName 2	Leg 2, transaction line item 3	ROW_1083	TradeName 3	LegName 2	Leg 2, transaction line item 4	ROW_1093	TradeName 3	LegName 2	Leg 2, transaction line item 5	ROW_1103	TradeName 3	LegName 3	Leg 3, transaction line item 1	ROW_1113	TradeName 3	LegName 3	Leg 3, transaction line item 2	ROW_1123	TradeName 3	LegName 3	Leg 3, transaction line item 3	ROW_1133	TradeName 3	LegName 3	Leg 3, transaction line item 4	ROW_1143	TradeName 3	LegName 3	Leg 3, transaction line item 5	ROW_1153	TradeName 3	LegName 4	Leg 4, transaction line item 1	ROW_1163	TradeName 3	LegName 4	Leg 4, transaction line item 2	ROW_1173	TradeName 3	LegName 4	Leg 4, transaction line item 3	ROW_1183	TradeName 3	LegName 4	Leg 4, transaction line item 4	ROW_1193	TradeName 3	LegName 4	Leg 4, transaction line item 5	ROW_1203	TradeName 3	LegName 5	Leg 5, transaction line item 1	ROW_1213	TradeName 3	LegName 5	Leg 5, transaction line item 2	ROW_1223	TradeName 3	LegName 5	Leg 5, transaction line item 3	ROW_1233	TradeName 3	LegName 5	Leg 5, transaction line item 4	ROW_1243	TradeName 3	LegName 5	Leg 5, transaction line item 5	ROW_1253	TradeName 3	LegName 6	Leg 6, transaction line item 1	ROW_1263	TradeName 3	LegName 6	Leg 6, transaction line item 2	ROW_1273	TradeName 3	LegName 6	Leg 6, transaction line item 3	ROW_1283	TradeName 3	LegName 6	Leg 6, transaction line item 4	ROW_1293	TradeName 3	LegName 6	Leg 6, transaction line item 5	ROW_1303	TradeName 3	LegName 7	Leg 7, transaction line item 1	ROW_1313	TradeName 3	LegName 7	Leg 7, transaction line item 2	ROW_1323	TradeName 3	LegName 7	Leg 7, transaction line item 3	ROW_1333	TradeName 3	LegName 7	Leg 7, transaction line item 4	ROW_1343	TradeName 3	LegName 7	Leg 7, transaction line item 5	ROW_1353	TradeName 3	LegName 8	Leg 8, transaction line item 1	ROW_1363	TradeName 3	LegName 8	Leg 8, transaction line item 2	ROW_1373	TradeName 3	LegName 8	Leg 8, transaction line item 3	ROW_1383	TradeName 3	LegName 8	Leg 8, transaction line item 4	ROW_1393	TradeName 3	LegName 8	Leg 8, transaction line item 5	ROW_1403	TradeName 3	LegName 9	Leg 9, transaction line item 1	ROW_1413	TradeName 3	LegName 9	Leg 9, transaction line item 2	ROW_1423	TradeName 3	LegName 9	Leg 9, transaction line item 3	ROW_1433	TradeName 3	LegName 9	Leg 9, transaction line item 4	ROW_1443	TradeName 3	LegName 9	Leg 9, transaction line item 5	ROW_1453	TradeName 3	LegName 10	Leg 10, transaction line item 1	ROW_1463	TradeName 3	LegName 10	Leg 10, transaction line item 2	ROW_1473	TradeName 3	LegName 10	Leg 10, transaction line item 3	ROW_1483	TradeName 3	LegName 10	Leg 10, transaction line item 4	ROW_1493	TradeName 3	LegName 10	Leg 10, transaction line item 5	