VDBName[string]	SchemaName[string]	TableName[string]	Name[string]	KeyName[string]	KeyType[string]	RefKeyUID[string]	UID[string]	Position[integer]
PartsSupplier	PartsSupplier	PARTSSUPPLIER.SUPPLIER_PARTS	PART_ID	FK_SPLIER_PRTS_PRTS	Foreign	mmuuid:07db4240-73ff-1edc-a81c-ecf397b10590	mmuuid:66ddc4c0-73ff-1edc-a81c-ecf397b10590	1
PartsSupplier	PartsSupplier	PARTSSUPPLIER.PARTS	PART_ID	PK_PARTS	Primary	null	mmuuid:07db4240-73ff-1edc-a81c-ecf397b10590	1
PartsSupplier	PartsSupplier	PARTSSUPPLIER.SUPPLIER_PARTS	PART_ID	PK_SUPPLIER_PARTS	Primary	null	mmuuid:455e5440-73ff-1edc-a81c-ecf397b10590	2
PartsSupplier	PartsSupplier	PARTSSUPPLIER.SHIP_VIA	SHIPPER_ID	PK_SHIP_VIA	Primary	null	mmuuid:18aa3cc0-73ff-1edc-a81c-ecf397b10590	1
PartsSupplier	PartsSupplier	PARTSSUPPLIER.STATUS	STATUS_ID	PK_STATUS	Primary	null	mmuuid:25a8a740-73ff-1edc-a81c-ecf397b10590	1
PartsSupplier	PartsSupplier	PARTSSUPPLIER.SUPPLIER_PARTS	SUPPLIER_ID	FK_SPLY_PRTS_SPLY	Foreign	mmuuid:375c8380-73ff-1edc-a81c-ecf397b10590	mmuuid:66ddc4c1-73ff-1edc-a81c-ecf397b10590	1
PartsSupplier	PartsSupplier	PARTSSUPPLIER.SUPPLIER	SUPPLIER_ID	PK_SUPPLIER	Primary	null	mmuuid:375c8380-73ff-1edc-a81c-ecf397b10590	1
PartsSupplier	PartsSupplier	PARTSSUPPLIER.SUPPLIER_PARTS	SUPPLIER_ID	PK_SUPPLIER_PARTS	Primary	null	mmuuid:455e5440-73ff-1edc-a81c-ecf397b10590	1
PartsSupplier	PartsSupplier	PARTSSUPPLIER.SUPPLIER	SUPPLIER_STATUS	FK_SPLIER_STATS	Foreign	mmuuid:25a8a740-73ff-1edc-a81c-ecf397b10590	mmuuid:5ac43c00-73ff-1edc-a81c-ecf397b10590	1
