ColumnName	ColumnType	ColumnTypeName	ColumnClassName	isNullable	TableName	SchemaName	CatalogName	
VDBName	12	string	java.lang.String	0	KeyColumns	SYS	PartsSupplier	
SchemaName	12	string	java.lang.String	1	KeyColumns	SYS	PartsSupplier	
TableName	12	string	java.lang.String	0	KeyColumns	SYS	PartsSupplier	
Name	12	string	java.lang.String	0	KeyColumns	SYS	PartsSupplier	
KeyName	12	string	java.lang.String	1	KeyColumns	SYS	PartsSupplier	
KeyType	12	string	java.lang.String	0	KeyColumns	SYS	PartsSupplier	
RefKeyUID	12	string	java.lang.String	1	KeyColumns	SYS	PartsSupplier	
UID	12	string	java.lang.String	0	KeyColumns	SYS	PartsSupplier	
Position	4	integer	java.lang.Integer	1	KeyColumns	SYS	PartsSupplier	
