ColumnName	ColumnType	ColumnTypeName	ColumnClassName	isNullable	TableName	SchemaName	CatalogName	
Name	12	string	java.lang.String	0	Tables	System	PartsSupplier	
