<?xml version="1.0" encoding="UTF-8"?><rental:rentals xmlns:xs="http://www.w3.org/2001/XMLSchema" xmlns:rental="urn:metamatrix:source:rental"><rental:company commonName="Avian" uuid="CUUID1" queryUUID="CQUUID1" companyID="CID1"><rental:name>Avian Rentals, Inc.</rental:name><rental:type>Consumer</rental:type><rental:locations><rental:location>Pittsburgh</rental:location><rental:location>Keokuk</rental:location></rental:locations></rental:company><rental:company commonName="Entertwine" uuid="CUUID2" queryUUID="CQUUID2" companyID="CID2"><rental:name>Entertwine Rent A Car, Inc.</rental:name><rental:type>Consumer</rental:type><rental:locations><rental:location>Moosejaw</rental:location></rental:locations></rental:company><rental:company commonName="Budge" uuid="CUUID3" queryUUID="CQUUID3" companyID="CID3"><rental:name>Budge, Inc.</rental:name><rental:type>Wholesale</rental:type></rental:company><rental:company commonName="Gigahertz" uuid="CUUID4" queryUUID="CQUUID4" companyID="CID4"><rental:name>Gigahertz, Inc.</rental:name><rental:type>Consumer</rental:type></rental:company><rental:company commonName="Wholefleet" uuid="CUUID6" queryUUID="CQUUID6" companyID="CID6"><rental:name>Wholefleet, Inc.</rental:name><rental:type>Wholesale</rental:type></rental:company></rental:rentals>
<?xml version="1.0" encoding="UTF-8"?><rental:rentals xmlns:xs="http://www.w3.org/2001/XMLSchema" xmlns:rental="urn:metamatrix:source:rental"><rental:rentsVehicle commonName="RCV11" uuid="CVUUID11" queryUUID="CVQUUID11" nature="rents" subjectType="Company" targetType="Vehicle" companyID="CID1" vehicleID="VID1"><rental:quantityAuthorized>10</rental:quantityAuthorized><rental:quantityAvailable>2</rental:quantityAvailable><rental:rentalProducts><rental:duration>Hourly</rental:duration><rental:duration>Daily</rental:duration><rental:duration>Weekly</rental:duration></rental:rentalProducts></rental:rentsVehicle><rental:rentsVehicle commonName="RCV12" uuid="CVUUID12" queryUUID="CVQUUID12" nature="rents" subjectType="Company" targetType="Vehicle" companyID="CID1" vehicleID="VID2"><rental:quantityAuthorized>2</rental:quantityAuthorized><rental:quantityAvailable>2</rental:quantityAvailable><rental:rentalProducts><rental:duration>Weekly</rental:duration></rental:rentalProducts></rental:rentsVehicle><rental:rentsVehicle commonName="RCV13" uuid="CVUUID13" queryUUID="CVQUUID13" nature="rents" subjectType="Company" targetType="Vehicle" companyID="CID1" vehicleID="VID3"><rental:quantityAuthorized>2</rental:quantityAuthorized><rental:quantityAvailable>0</rental:quantityAvailable></rental:rentsVehicle><rental:rentsVehicle commonName="RCV14" uuid="CVUUID14" queryUUID="CVQUUID14" nature="rents" subjectType="Company" targetType="Vehicle" companyID="CID1" vehicleID="VID4"><rental:quantityAuthorized>2</rental:quantityAuthorized><rental:quantityAvailable>1</rental:quantityAvailable></rental:rentsVehicle><rental:rentsVehicle commonName="RCV21" uuid="CVUUID21" queryUUID="CVQUUID21" nature="rents" subjectType="Company" targetType="Vehicle" companyID="CID2" vehicleID="VID1"><rental:quantityAuthorized>5</rental:quantityAuthorized><rental:quantityAvailable>3</rental:quantityAvailable></rental:rentsVehicle><rental:rentsVehicle commonName="RCV22" uuid="CVUUID22" queryUUID="CVQUUID22" nature="rents" subjectType="Company" targetType="Vehicle" companyID="CID2" vehicleID="VID2"><rental:quantityAuthorized>2</rental:quantityAuthorized><rental:quantityAvailable>1</rental:quantityAvailable></rental:rentsVehicle><rental:rentsVehicle commonName="RCV32" uuid="CVUUID32" queryUUID="CVQUUID32" nature="rents" subjectType="Company" targetType="Vehicle" companyID="CID3" vehicleID="VID2"><rental:quantityAuthorized>1</rental:quantityAuthorized><rental:quantityAvailable>1</rental:quantityAvailable></rental:rentsVehicle><rental:rentsVehicle commonName="RCV47" uuid="CVUUID47" queryUUID="CVQUUID47" nature="rents" subjectType="Company" targetType="Vehicle" companyID="CID4" vehicleID="VID7"><rental:quantityAuthorized>1</rental:quantityAuthorized><rental:quantityAvailable>1</rental:quantityAvailable></rental:rentsVehicle><rental:rentsVehicle commonName="RCV61" uuid="CVUUID61" queryUUID="CVQUUID61" nature="rents" subjectType="Company" targetType="Vehicle" companyID="CID6" vehicleID="VID1"><rental:quantityAuthorized>1</rental:quantityAuthorized><rental:quantityAvailable>1</rental:quantityAvailable></rental:rentsVehicle><rental:rentsVehicle commonName="RCV62" uuid="CVUUID62" queryUUID="CVQUUID62" nature="rents" subjectType="Company" targetType="Vehicle" companyID="CID6" vehicleID="VID2"><rental:quantityAuthorized>2</rental:quantityAuthorized><rental:quantityAvailable>2</rental:quantityAvailable></rental:rentsVehicle><rental:rentsVehicle commonName="RCV63" uuid="CVUUID63" queryUUID="CVQUUID63" nature="rents" subjectType="Company" targetType="Vehicle" companyID="CID6" vehicleID="VID3"><rental:quantityAuthorized>3</rental:quantityAuthorized><rental:quantityAvailable>3</rental:quantityAvailable></rental:rentsVehicle><rental:rentsVehicle commonName="RCV64" uuid="CVUUID64" queryUUID="CVQUUID64" nature="rents" subjectType="Company" targetType="Vehicle" companyID="CID6" vehicleID="VID4"><rental:quantityAuthorized>4</rental:quantityAuthorized><rental:quantityAvailable>4</rental:quantityAvailable></rental:rentsVehicle><rental:rentsVehicle commonName="RCV65" uuid="CVUUID65" queryUUID="CVQUUID65" nature="rents" subjectType="Company" targetType="Vehicle" companyID="CID6" vehicleID="VID5"><rental:quantityAuthorized>5</rental:quantityAuthorized><rental:quantityAvailable>5</rental:quantityAvailable></rental:rentsVehicle><rental:rentsVehicle commonName="RCV66" uuid="CVUUID66" queryUUID="CVQUUID66" nature="rents" subjectType="Company" targetType="Vehicle" companyID="CID6" vehicleID="VID6"><rental:quantityAuthorized>6</rental:quantityAuthorized><rental:quantityAvailable>6</rental:quantityAvailable></rental:rentsVehicle><rental:rentsVehicle commonName="RCV67" uuid="CVUUID67" queryUUID="CVQUUID67" nature="rents" subjectType="Company" targetType="Vehicle" companyID="CID6" vehicleID="VID7"><rental:quantityAuthorized>7</rental:quantityAuthorized><rental:quantityAvailable>7</rental:quantityAvailable></rental:rentsVehicle><rental:rentsVehicle commonName="RCV68" uuid="CVUUID68" queryUUID="CVQUUID68" nature="rents" subjectType="Company" targetType="Vehicle" companyID="CID6" vehicleID="VID8"><rental:quantityAuthorized>8</rental:quantityAuthorized><rental:quantityAvailable>8</rental:quantityAvailable></rental:rentsVehicle><rental:rentsVehicle commonName="RCV69" uuid="CVUUID69" queryUUID="CVQUUID69" nature="rents" subjectType="Company" targetType="Vehicle" companyID="CID6" vehicleID="VID9"><rental:quantityAuthorized>9</rental:quantityAuthorized><rental:quantityAvailable>9</rental:quantityAvailable></rental:rentsVehicle></rental:rentals>
<?xml version="1.0" encoding="UTF-8"?><rental:rentals xmlns:xs="http://www.w3.org/2001/XMLSchema" xmlns:rental="urn:metamatrix:source:rental"><rental:vehicle commonName="Ford F150 2005" uuid="VUUID1" queryUUID="VQUUID1" vehicleID="VID1"><rental:style>Utility</rental:style><rental:make>Ford</rental:make><rental:model>F150</rental:model><rental:year>2005</rental:year><rental:availablecolors><rental:color>Red</rental:color><rental:color>Black</rental:color></rental:availablecolors></rental:vehicle><rental:vehicle commonName="Ford F150 2004" uuid="VUUID2" queryUUID="VQUUID2" vehicleID="VID2"><rental:style>Utility</rental:style><rental:make>Ford</rental:make><rental:model>F150</rental:model><rental:year>2004</rental:year><rental:availablecolors><rental:color>Puce</rental:color></rental:availablecolors></rental:vehicle><rental:vehicle commonName="Chevy Tahoe 2005" uuid="VUUID3" queryUUID="VQUUID3" vehicleID="VID3"><rental:style>Utility</rental:style><rental:make>Chevrolet</rental:make><rental:model>Tahoe</rental:model><rental:year>2005</rental:year><rental:availablecolors><rental:color>Red</rental:color></rental:availablecolors></rental:vehicle><rental:vehicle commonName="Ford Windstar 2005" uuid="VUUID4" queryUUID="VQUUID4" vehicleID="VID4"><rental:style>Minivan</rental:style><rental:make>Ford</rental:make><rental:model>Windstar</rental:model><rental:year>2005</rental:year><rental:availablecolors><rental:color>Black</rental:color></rental:availablecolors></rental:vehicle><rental:vehicle commonName="Ford Windstar 2004" uuid="VUUID5" queryUUID="VQUUID5" vehicleID="VID5"><rental:style>Minivan</rental:style><rental:make>Ford</rental:make><rental:model>Windstar</rental:model><rental:year>2004</rental:year></rental:vehicle><rental:vehicle commonName="Nissan Quest 2005" uuid="VUUID6" queryUUID="VQUUID6" vehicleID="VID6"><rental:style>Minivan</rental:style><rental:make>Nissan</rental:make><rental:model>Quest</rental:model><rental:year>2005</rental:year></rental:vehicle><rental:vehicle commonName="Nissan Quest 2004" uuid="VUUID7" queryUUID="VQUUID7" vehicleID="VID7"><rental:style>Minivan</rental:style><rental:make>Nissan</rental:make><rental:model>Quest</rental:model><rental:year>2004</rental:year></rental:vehicle><rental:vehicle commonName="Toyota Sienna 2004" uuid="VUUID8" queryUUID="VQUUID8" vehicleID="VID8"><rental:style>Minivan</rental:style><rental:make>Toyota</rental:make><rental:model>Sienna</rental:model><rental:year>2004</rental:year></rental:vehicle><rental:vehicle commonName="Honda Pilot 2005" uuid="VUUID9" queryUUID="VQUUID9" vehicleID="VID9"><rental:style>SUV</rental:style><rental:make>Honda</rental:make><rental:model>Pilot</rental:model><rental:year>2005</rental:year></rental:vehicle></rental:rentals>
