<?xml version="1.0" encoding="UTF-8"?><rental:rentals xmlns:xs="http://www.w3.org/2001/XMLSchema" xmlns:rental="urn:metamatrix:source:rental"><rental:company commonName="Avian" uuid="CUUID1" queryUUID="CQUUID1" companyID="CID1"><rental:name>Avian Rentals, Inc.</rental:name><rental:type>Consumer</rental:type><rental:locations><rental:location>Pittsburgh</rental:location><rental:location>Keokuk</rental:location></rental:locations></rental:company></rental:rentals>
<?xml version="1.0" encoding="UTF-8"?><rental:rentals xmlns:xs="http://www.w3.org/2001/XMLSchema" xmlns:rental="urn:metamatrix:source:rental"><rental:rentsVehicle commonName="RCV11" uuid="CVUUID11" queryUUID="CVQUUID11" nature="rents" subjectType="Company" targetType="Vehicle" companyID="CID1" vehicleID="VID1"><rental:quantityAuthorized>10</rental:quantityAuthorized><rental:quantityAvailable>2</rental:quantityAvailable><rental:rentalProducts><rental:duration>Hourly</rental:duration><rental:duration>Daily</rental:duration><rental:duration>Weekly</rental:duration></rental:rentalProducts></rental:rentsVehicle><rental:rentsVehicle commonName="RCV12" uuid="CVUUID12" queryUUID="CVQUUID12" nature="rents" subjectType="Company" targetType="Vehicle" companyID="CID1" vehicleID="VID2"><rental:quantityAuthorized>2</rental:quantityAuthorized><rental:quantityAvailable>2</rental:quantityAvailable><rental:rentalProducts><rental:duration>Weekly</rental:duration></rental:rentalProducts></rental:rentsVehicle><rental:rentsVehicle commonName="RCV13" uuid="CVUUID13" queryUUID="CVQUUID13" nature="rents" subjectType="Company" targetType="Vehicle" companyID="CID1" vehicleID="VID3"><rental:quantityAuthorized>2</rental:quantityAuthorized><rental:quantityAvailable>0</rental:quantityAvailable></rental:rentsVehicle><rental:rentsVehicle commonName="RCV14" uuid="CVUUID14" queryUUID="CVQUUID14" nature="rents" subjectType="Company" targetType="Vehicle" companyID="CID1" vehicleID="VID4"><rental:quantityAuthorized>2</rental:quantityAuthorized><rental:quantityAvailable>1</rental:quantityAvailable></rental:rentsVehicle></rental:rentals>
<?xml version="1.0" encoding="UTF-8"?><rental:rentals xmlns:xs="http://www.w3.org/2001/XMLSchema" xmlns:rental="urn:metamatrix:source:rental"><rental:vehicle commonName="Ford F150 2005" uuid="VUUID1" queryUUID="VQUUID1" vehicleID="VID1"><rental:style>Utility</rental:style><rental:make>Ford</rental:make><rental:model>F150</rental:model><rental:year>2005</rental:year><rental:availablecolors><rental:color>Red</rental:color><rental:color>Black</rental:color></rental:availablecolors></rental:vehicle><rental:vehicle commonName="Ford F150 2004" uuid="VUUID2" queryUUID="VQUUID2" vehicleID="VID2"><rental:style>Utility</rental:style><rental:make>Ford</rental:make><rental:model>F150</rental:model><rental:year>2004</rental:year><rental:availablecolors><rental:color>Puce</rental:color></rental:availablecolors></rental:vehicle><rental:vehicle commonName="Chevy Tahoe 2005" uuid="VUUID3" queryUUID="VQUUID3" vehicleID="VID3"><rental:style>Utility</rental:style><rental:make>Chevrolet</rental:make><rental:model>Tahoe</rental:model><rental:year>2005</rental:year><rental:availablecolors><rental:color>Red</rental:color></rental:availablecolors></rental:vehicle><rental:vehicle commonName="Ford Windstar 2005" uuid="VUUID4" queryUUID="VQUUID4" vehicleID="VID4"><rental:style>Minivan</rental:style><rental:make>Ford</rental:make><rental:model>Windstar</rental:model><rental:year>2005</rental:year><rental:availablecolors><rental:color>Black</rental:color></rental:availablecolors></rental:vehicle></rental:rentals>
