<?xml version="1.0" encoding="UTF-8"?><rental:rentals xmlns:xs="http://www.w3.org/2001/XMLSchema" xmlns:rental="urn:metamatrix:source:rental"><rental:company commonName="Avian" uuid="CUUID1" queryUUID="CQUUID1" companyID="CID1"><rental:name>Avian Rentals, Inc.</rental:name><rental:type>Consumer</rental:type><rental:locations><rental:location>Pittsburgh</rental:location><rental:location>Keokuk</rental:location></rental:locations></rental:company></rental:rentals>
<?xml version="1.0" encoding="UTF-8"?><rental:rentals xmlns:xs="http://www.w3.org/2001/XMLSchema" xmlns:rental="urn:metamatrix:source:rental"><rental:hasSharingAgreement commonName="RCC13" uuid="CCUUID13" queryUUID="CCQUUID13" nature="sharesWith" subjectType="Company" targetType="Company" primaryPartyID="CID1" secondaryPartyID="CID3" since="1995"/></rental:rentals>
<?xml version="1.0" encoding="UTF-8"?><rental:rentals xmlns:xs="http://www.w3.org/2001/XMLSchema" xmlns:rental="urn:metamatrix:source:rental"><rental:company commonName="Budge" uuid="CUUID3" queryUUID="CQUUID3" companyID="CID3"><rental:name>Budge, Inc.</rental:name><rental:type>Wholesale</rental:type></rental:company></rental:rentals>
