integer      string                                                             integer       char     integer      float                   integer      boolean      string                                                           
oid          relname                                                            relnamespace  relkind  relam        reltuples               relpages     relhasrules  relhasoids                                                       
1            PARTSSUPPLIER.PARTS                                                1             r        0            0.0                     0            false        false                                                            
2            PARTSSUPPLIER.SHIP_VIA                                             1             r        0            0.0                     0            false        false                                                            
3            PARTSSUPPLIER.STATUS                                               1             r        0            0.0                     0            false        false                                                            
4            PARTSSUPPLIER.SUPPLIER_PARTS                                       1             r        0            0.0                     0            false        false                                                            
5            PARTSSUPPLIER.SUPPLIER                                             1             r        0            0.0                     0            false        false                                                            
6            MatViews                                                           2             r        0            0.0                     0            false        false                                                            
7            VDBResources                                                       2             r        0            0.0                     0            false        false                                                            
8            Columns                                                            3             r        0            0.0                     0            false        false                                                            
9            DataTypes                                                          3             r        0            0.0                     0            false        false                                                            
10           KeyColumns                                                         3             r        0            0.0                     0            false        false                                                            
11           Keys                                                               3             r        0            0.0                     0            false        false                                                            
12           ProcedureParams                                                    3             r        0            0.0                     0            false        false                                                            
13           Procedures                                                         3             r        0            0.0                     0            false        false                                                            
14           Properties                                                         3             r        0            0.0                     0            false        false                                                            
15           ReferenceKeyColumns                                                3             r        0            0.0                     0            false        false                                                            
16           Schemas                                                            3             r        0            0.0                     0            false        false                                                            
17           Tables                                                             3             r        0            0.0                     0            false        false                                                            
18           VirtualDatabases                                                   3             r        0            0.0                     0            false        false                                                            
19           pg_namespace                                                       4             v        0            0.0                     0            false        false                                                            
20           pg_class                                                           4             v        0            0.0                     0            false        false                                                            
21           pg_attribute                                                       4             v        0            0.0                     0            false        false                                                            
22           pg_type                                                            4             v        0            0.0                     0            false        false                                                            
23           pg_index                                                           4             v        0            0.0                     0            false        false                                                            
24           pg_am                                                              4             v        0            0.0                     0            false        false                                                            
25           pg_proc                                                            4             v        0            0.0                     0            false        false                                                            
26           pg_trigger                                                         4             v        0            0.0                     0            false        false                                                            
27           pg_attrdef                                                         4             v        0            0.0                     0            false        false                                                            
28           pg_database                                                        4             v        0            0.0                     0            false        false                                                            
29           pg_user                                                            4             v        0            0.0                     0            false        false                                                            
30           matpg_relatt                                                       4             v        0            0.0                     0            false        false                                                            
Row Count : 30
getColumnName  getColumnType  getCatalogName  getColumnClassName  getColumnLabel  getColumnTypeName  getSchemaName  getTableName  getColumnDisplaySize  getPrecision  getScale  isAutoIncrement  isCaseSensitive  isCurrency  isDefinitelyWritable  isNullable  isReadOnly  isSearchable  isSigned  isWritable  
oid            4              PartsSupplier   java.lang.Integer   oid             integer            pg_catalog     pg_class      11                    10            0         false            false            false       false                 2           true        true          false     false       
relname        12             PartsSupplier   java.lang.String    relname         string             pg_catalog     pg_class      4000                  4000          0         false            false            false       false                 2           true        true          false     false       
relnamespace   4              PartsSupplier   java.lang.Integer   relnamespace    integer            pg_catalog     pg_class      11                    10            0         false            false            false       false                 2           true        true          false     false       
relkind        1              PartsSupplier   java.lang.String    relkind         char               pg_catalog     pg_class      1                     1             0         false            false            false       false                 2           true        true          false     false       
relam          4              PartsSupplier   java.lang.Integer   relam           integer            pg_catalog     pg_class      11                    10            0         false            false            false       false                 2           true        true          false     false       
reltuples      7              PartsSupplier   java.lang.Float     reltuples       float              pg_catalog     pg_class      22                    20            0         false            false            false       false                 2           true        true          false     false       
relpages       4              PartsSupplier   java.lang.Integer   relpages        integer            pg_catalog     pg_class      11                    10            0         false            false            false       false                 2           true        true          false     false       
relhasrules    -7             PartsSupplier   java.lang.Boolean   relhasrules     boolean            pg_catalog     pg_class      5                     1             0         false            false            false       false                 2           true        true          false     false       
relhasoids     12             PartsSupplier   java.lang.String    relhasoids      string             pg_catalog     pg_class      4000                  4000          0         false            false            false       false                 2           true        true          false     false       
