integer      integer      integer      boolean         boolean      boolean       string                                                             string                                                           
oid          indexrelid   indrelid     indisclustered  indisunique  indisprimary  indexprs                                                           indkey                                                           
1            1            1            false           false        true                                                                             0                                                                
2            2            2            false           false        true                                                                             0                                                                
3            3            3            false           false        true                                                                             0                                                                
4            4            4            false           false        true                                                                             0                                                                
5            5            4            false           false        true                                                                             0                                                                
6            6            4            false           false        false                                                                            0                                                                
7            7            4            false           false        false                                                                            0                                                                
8            8            5            false           false        true                                                                             0                                                                
9            9            5            false           false        false                                                                            0                                                                
10           10           20           false           false        true                                                                             0                                                                
11           11           21           false           false        true                                                                             0                                                                
12           12           23           false           false        true                                                                             0                                                                
13           13           25           false           false        true                                                                             0                                                                
14           14           30           false           false        true                                                                             0                                                                
15           15           30           false           false        true                                                                             0                                                                
16           16           30           false           false        true                                                                             0                                                                
17           17           30           false           false        false                                                                            0                                                                
18           18           30           false           false        false                                                                            0                                                                
Row Count : 18
getColumnName   getColumnType  getCatalogName  getColumnClassName  getColumnLabel  getColumnTypeName  getSchemaName  getTableName  getColumnDisplaySize  getPrecision  getScale  isAutoIncrement  isCaseSensitive  isCurrency  isDefinitelyWritable  isNullable  isReadOnly  isSearchable  isSigned  isWritable  
oid             4              PartsSupplier   java.lang.Integer   oid             integer            pg_catalog     pg_index      11                    10            0         false            false            false       false                 2           true        true          false     false       
indexrelid      4              PartsSupplier   java.lang.Integer   indexrelid      integer            pg_catalog     pg_index      11                    10            0         false            false            false       false                 2           true        true          false     false       
indrelid        4              PartsSupplier   java.lang.Integer   indrelid        integer            pg_catalog     pg_index      11                    10            0         false            false            false       false                 2           true        true          false     false       
indisclustered  -7             PartsSupplier   java.lang.Boolean   indisclustered  boolean            pg_catalog     pg_index      5                     1             0         false            false            false       false                 2           true        true          false     false       
indisunique     -7             PartsSupplier   java.lang.Boolean   indisunique     boolean            pg_catalog     pg_index      5                     1             0         false            false            false       false                 2           true        true          false     false       
indisprimary    -7             PartsSupplier   java.lang.Boolean   indisprimary    boolean            pg_catalog     pg_index      5                     1             0         false            false            false       false                 2           true        true          false     false       
indexprs        12             PartsSupplier   java.lang.String    indexprs        string             pg_catalog     pg_index      4000                  4000          0         false            false            false       false                 2           true        true          false     false       
indkey          12             PartsSupplier   java.lang.String    indkey          string             pg_catalog     pg_index      4000                  4000          0         false            false            false       false                 2           true        true          false     false       
