integer      string                                                             boolean      boolean 
oid          usename                                                            usecreatedb  usesuper
0            <null>                                                             false        false   
Row Count : 1
getColumnName  getColumnType  getCatalogName  getColumnClassName  getColumnLabel  getColumnTypeName  getSchemaName  getTableName  getColumnDisplaySize  getPrecision  getScale  isAutoIncrement  isCaseSensitive  isCurrency  isDefinitelyWritable  isNullable  isReadOnly  isSearchable  isSigned  isWritable  
oid            4              PartsSupplier   java.lang.Integer   oid             integer            pg_catalog     pg_user       11                    10            0         false            false            false       false                 2           true        true          false     false       
usename        12             PartsSupplier   java.lang.String    usename         string             pg_catalog     pg_user       4000                  4000          0         false            false            false       false                 2           true        true          false     false       
usecreatedb    -7             PartsSupplier   java.lang.Boolean   usecreatedb     boolean            pg_catalog     pg_user       5                     1             0         false            false            false       false                 2           true        true          false     false       
usesuper       -7             PartsSupplier   java.lang.Boolean   usesuper        boolean            pg_catalog     pg_user       5                     1             0         false            false            false       false                 2           true        true          false     false       
