integer      integer        integer      integer      integer      boolean       boolean         string                                                             integer    
oid          tgconstrrelid  tgfoid       tgargs       tgnargs      tgdeferrable  tginitdeferred  tgconstrname                                                       tgrelid    
Row Count : 0
getColumnName   getColumnType  getCatalogName  getColumnClassName  getColumnLabel  getColumnTypeName  getSchemaName  getTableName  getColumnDisplaySize  getPrecision  getScale  isAutoIncrement  isCaseSensitive  isCurrency  isDefinitelyWritable  isNullable  isReadOnly  isSearchable  isSigned  isWritable  
oid             4              PartsSupplier   java.lang.Integer   oid             integer            pg_catalog     pg_trigger    11                    10            0         false            false            false       false                 2           true        true          false     false       
tgconstrrelid   4              PartsSupplier   java.lang.Integer   tgconstrrelid   integer            pg_catalog     pg_trigger    11                    10            0         false            false            false       false                 2           true        true          false     false       
tgfoid          4              PartsSupplier   java.lang.Integer   tgfoid          integer            pg_catalog     pg_trigger    11                    10            0         false            false            false       false                 2           true        true          false     false       
tgargs          4              PartsSupplier   java.lang.Integer   tgargs          integer            pg_catalog     pg_trigger    11                    10            0         false            false            false       false                 2           true        true          false     false       
tgnargs         4              PartsSupplier   java.lang.Integer   tgnargs         integer            pg_catalog     pg_trigger    11                    10            0         false            false            false       false                 2           true        true          false     false       
tgdeferrable    -7             PartsSupplier   java.lang.Boolean   tgdeferrable    boolean            pg_catalog     pg_trigger    5                     1             0         false            false            false       false                 2           true        true          false     false       
tginitdeferred  -7             PartsSupplier   java.lang.Boolean   tginitdeferred  boolean            pg_catalog     pg_trigger    5                     1             0         false            false            false       false                 2           true        true          false     false       
tgconstrname    12             PartsSupplier   java.lang.String    tgconstrname    string             pg_catalog     pg_trigger    4000                  4000          0         false            false            false       false                 2           true        true          false     false       
tgrelid         4              PartsSupplier   java.lang.Integer   tgrelid         integer            pg_catalog     pg_trigger    11                    10            0         false            false            false       false                 2           true        true          false     false       
