string                                                             string                                                             string                                                             boolean     string                                                             string                                                             integer      short             string                                                             string                                                             integer      integer      string                                                           
VDBName                                                            SchemaName                                                         TableName                                                          NON_UNIQUE  INDEX_QUALIFIER                                                    KeyName                                                            TYPE         ORDINAL_POSITION  Name                                                               ASC_OR_DESC                                                        CARDINALITY  PAGES        FILTER_CONDITION                                                 
PartsSupplier                                                      pg_catalog                                                         matpg_relatt                                                       true        <null>                                                             idx_matpg_relatt_ids                                               0            1                 attrelid                                                           <null>                                                             0            1            <null>                                                           
PartsSupplier                                                      pg_catalog                                                         matpg_relatt                                                       true        <null>                                                             idx_matpg_relatt_ids                                               0            2                 attnum                                                             <null>                                                             0            1            <null>                                                           
Row Count : 2
getColumnName     getColumnType  getCatalogName  getColumnClassName  getColumnLabel    getColumnTypeName  getSchemaName  getTableName  getColumnDisplaySize  getPrecision  getScale  isAutoIncrement  isCaseSensitive  isCurrency  isDefinitelyWritable  isNullable  isReadOnly  isSearchable  isSigned  isWritable  
VDBName           12             PartsSupplier   java.lang.String    TABLE_CAT         string             SYS            KeyColumns    255                   255           0         false            false            false       false                 0           true        true          false     false       
SchemaName        12             PartsSupplier   java.lang.String    TABLE_SCHEM       string             SYS            KeyColumns    255                   255           0         false            true             false       true                  1           false       true          true      true        
TableName         12             PartsSupplier   java.lang.String    TABLE_NAME        string             SYS            KeyColumns    2048                  2048          0         false            true             false       false                 0           true        true          false     false       
NON_UNIQUE        -7             PartsSupplier   java.lang.Boolean   NON_UNIQUE        boolean            <null>         <null>        5                     1             0         false            false            false       true                  1           false       true          true      true        
INDEX_QUALIFIER   12             PartsSupplier   java.lang.String    INDEX_QUALIFIER   string             <null>         <null>        4000                  4000          0         false            false            false       true                  1           false       true          true      true        
KeyName           12             PartsSupplier   java.lang.String    INDEX_NAME        string             SYS            KeyColumns    255                   255           0         false            false            false       false                 1           true        true          false     false       
TYPE              4              PartsSupplier   java.lang.Integer   TYPE              integer            <null>         <null>        11                    10            0         false            false            false       true                  1           false       true          true      true        
ORDINAL_POSITION  5              PartsSupplier   java.lang.Short     ORDINAL_POSITION  short              <null>         <null>        6                     5             0         false            false            false       true                  1           false       true          true      true        
Name              12             PartsSupplier   java.lang.String    COLUMN_NAME       string             SYS            KeyColumns    255                   255           0         false            false            false       false                 0           true        true          false     false       
ASC_OR_DESC       12             PartsSupplier   java.lang.String    ASC_OR_DESC       string             <null>         <null>        4000                  4000          0         false            false            false       true                  1           false       true          true      true        
CARDINALITY       4              PartsSupplier   java.lang.Integer   CARDINALITY       integer            <null>         <null>        11                    10            0         false            false            false       true                  1           false       true          true      true        
PAGES             4              PartsSupplier   java.lang.Integer   PAGES             integer            <null>         <null>        11                    10            0         false            false            false       true                  1           false       true          true      true        
FILTER_CONDITION  12             PartsSupplier   java.lang.String    FILTER_CONDITION  string             <null>         <null>        4000                  4000          0         false            false            false       true                  1           false       true          true      true        
