string                                                             string                                                             string                                                             string                                                             short    string                                                           
VDBName                                                            SchemaName                                                         TableName                                                          Name                                                               KEY_SEQ  KeyName                                                          
PartsSupplier                                                      PartsSupplier                                                      PARTSSUPPLIER.PARTS                                                PART_ID                                                            1        PK_PARTS                                                         
PartsSupplier                                                      PartsSupplier                                                      PARTSSUPPLIER.SUPPLIER_PARTS                                       PART_ID                                                            2        PK_SUPPLIER_PARTS                                                
PartsSupplier                                                      PartsSupplier                                                      PARTSSUPPLIER.SHIP_VIA                                             SHIPPER_ID                                                         1        PK_SHIP_VIA                                                      
PartsSupplier                                                      PartsSupplier                                                      PARTSSUPPLIER.STATUS                                               STATUS_ID                                                          1        PK_STATUS                                                        
PartsSupplier                                                      PartsSupplier                                                      PARTSSUPPLIER.SUPPLIER_PARTS                                       SUPPLIER_ID                                                        1        PK_SUPPLIER_PARTS                                                
PartsSupplier                                                      PartsSupplier                                                      PARTSSUPPLIER.SUPPLIER                                             SUPPLIER_ID                                                        1        PK_SUPPLIER                                                      
PartsSupplier                                                      pg_catalog                                                         matpg_relatt                                                       attname                                                            1        pk_matpg_relatt_names                                            
PartsSupplier                                                      pg_catalog                                                         matpg_datatype                                                     name                                                               2        matpg_datatype_names                                             
PartsSupplier                                                      pg_catalog                                                         matpg_relatt                                                       nspname                                                            3        pk_matpg_relatt_names                                            
PartsSupplier                                                      pg_catalog                                                         pg_class                                                           oid                                                                1        pk_pg_class                                                      
PartsSupplier                                                      pg_catalog                                                         pg_attribute                                                       oid                                                                1        pk_pg_attr                                                       
PartsSupplier                                                      pg_catalog                                                         pg_index                                                           oid                                                                1        pk_pg_index                                                      
PartsSupplier                                                      pg_catalog                                                         pg_proc                                                            oid                                                                1        pk_pg_proc                                                       
PartsSupplier                                                      pg_catalog                                                         matpg_datatype                                                     oid                                                                1        matpg_datatype_names                                             
PartsSupplier                                                      pg_catalog                                                         matpg_relatt                                                       relname                                                            2        pk_matpg_relatt_names                                            
Row Count : 15
getColumnName  getColumnType  getCatalogName  getColumnClassName  getColumnLabel  getColumnTypeName  getSchemaName  getTableName  getColumnDisplaySize  getPrecision  getScale  isAutoIncrement  isCaseSensitive  isCurrency  isDefinitelyWritable  isNullable  isReadOnly  isSearchable  isSigned  isWritable  
VDBName        12             PartsSupplier   java.lang.String    TABLE_CAT       string             SYS            KeyColumns    255                   255           0         false            false            false       false                 0           true        true          false     false       
SchemaName     12             PartsSupplier   java.lang.String    TABLE_SCHEM     string             SYS            KeyColumns    255                   255           0         false            true             false       true                  1           false       true          true      true        
TableName      12             PartsSupplier   java.lang.String    TABLE_NAME      string             SYS            KeyColumns    2048                  2048          0         false            true             false       false                 0           true        true          false     false       
Name           12             PartsSupplier   java.lang.String    COLUMN_NAME     string             SYS            KeyColumns    255                   255           0         false            false            false       false                 0           true        true          false     false       
KEY_SEQ        5              PartsSupplier   java.lang.Short     KEY_SEQ         short              <null>         <null>        6                     5             0         false            false            false       true                  1           false       true          true      true        
KeyName        12             PartsSupplier   java.lang.String    PK_NAME         string             SYS            KeyColumns    255                   255           0         false            false            false       false                 1           true        true          false     false       
