TABLE_SCHEM[string]	TABLE_CATALOG[string]
PartsSupplier	PartsSupplier
System	PartsSupplier
