string                                                             string                                                             string                                                             string                                                             short      string                                                             integer      string                                                             integer         integer         integer      string                                                             string                                                             string                                                             string                                                             integer            integer           string                                                             string                                                             string                                                             string                                                             string                                                             string                                                           
TABLE_CAT                                                          TABLE_SCHEM                                                        TABLE_NAME                                                         COLUMN_NAME                                                        DATA_TYPE  TYPE_NAME                                                          COLUMN_SIZE  BUFFER_LENGTH                                                      DECIMAL_DIGITS  NUM_PREC_RADIX  NULLABLE     REMARKS                                                            COLUMN_DEF                                                         SQL_DATA_TYPE                                                      SQL_DATETIME_SUB                                                   CHAR_OCTET_LENGTH  ORDINAL_POSITION  IS_NULLABLE                                                        SCOPE_CATALOG                                                      SCOPE_SCHEMA                                                       SCOPE_TABLE                                                        SOURCE_DATA_TYPE                                                   IS_AUTOINCREMENT                                                 
Row Count : 0
getColumnName      getColumnType  getCatalogName  getColumnClassName  getColumnLabel     getColumnTypeName  getSchemaName  getTableName  getColumnDisplaySize  getPrecision  getScale  isAutoIncrement  isCaseSensitive  isCurrency  isDefinitelyWritable  isNullable  isReadOnly  isSearchable  isSigned  isWritable  
TABLE_CAT          12             QT_Ora9DS       java.lang.String    TABLE_CAT          string             SYS            Columns       255                   255           0         false            false            false       false                 0           true        true          false     false       
TABLE_SCHEM        12             QT_Ora9DS       java.lang.String    TABLE_SCHEM        string             SYS            Columns       255                   255           0         false            true             false       true                  1           false       true          true      true        
TABLE_NAME         12             QT_Ora9DS       java.lang.String    TABLE_NAME         string             SYS            Columns       255                   255           0         false            true             false       false                 0           true        true          false     false       
COLUMN_NAME        12             QT_Ora9DS       java.lang.String    COLUMN_NAME        string             SYS            Columns       255                   255           0         false            false            false       false                 0           true        true          false     false       
DATA_TYPE          5              QT_Ora9DS       java.lang.Short     DATA_TYPE          short              <null>         <null>        6                     5             0         false            false            false       true                  1           false       true          true      true        
TYPE_NAME          12             QT_Ora9DS       java.lang.String    TYPE_NAME          string             SYS            Columns       100                   100           0         false            true             false       false                 0           true        true          true      false       
COLUMN_SIZE        4              QT_Ora9DS       java.lang.Integer   COLUMN_SIZE        integer            <null>         <null>        11                    10            0         false            false            false       true                  1           false       true          true      true        
BUFFER_LENGTH      12             QT_Ora9DS       java.lang.String    BUFFER_LENGTH      string             <null>         <null>        4000                  4000          0         false            false            false       true                  1           false       true          true      true        
DECIMAL_DIGITS     4              QT_Ora9DS       java.lang.Integer   DECIMAL_DIGITS     integer            SYS            Columns       11                    10            0         false            false            false       false                 0           true        true          false     false       
NUM_PREC_RADIX     4              QT_Ora9DS       java.lang.Integer   NUM_PREC_RADIX     integer            SYS            Columns       11                    10            0         false            false            false       false                 0           true        true          false     false       
NULLABLE           4              QT_Ora9DS       java.lang.Integer   NULLABLE           integer            <null>         <null>        11                    10            0         false            false            false       true                  1           false       true          true      true        
REMARKS            12             QT_Ora9DS       java.lang.String    REMARKS            string             SYS            Columns       255                   255           0         false            true             false       true                  1           false       true          true      true        
COLUMN_DEF         12             QT_Ora9DS       java.lang.String    COLUMN_DEF         string             SYS            Columns       255                   255           0         false            false            false       false                 1           true        true          false     false       
SQL_DATA_TYPE      12             QT_Ora9DS       java.lang.String    SQL_DATA_TYPE      string             <null>         <null>        4000                  4000          0         false            false            false       true                  1           false       true          true      true        
SQL_DATETIME_SUB   12             QT_Ora9DS       java.lang.String    SQL_DATETIME_SUB   string             <null>         <null>        4000                  4000          0         false            false            false       true                  1           false       true          true      true        
CHAR_OCTET_LENGTH  4              QT_Ora9DS       java.lang.Integer   CHAR_OCTET_LENGTH  integer            SYS            Columns       11                    10            0         false            false            false       false                 1           true        true          false     false       
ORDINAL_POSITION   4              QT_Ora9DS       java.lang.Integer   ORDINAL_POSITION   integer            SYS            Columns       11                    10            0         false            false            false       false                 0           true        true          false     false       
IS_NULLABLE        12             QT_Ora9DS       java.lang.String    IS_NULLABLE        string             <null>         <null>        4000                  4000          0         false            false            false       true                  1           false       true          true      true        
SCOPE_CATALOG      12             QT_Ora9DS       java.lang.String    SCOPE_CATALOG      string             <null>         <null>        4000                  4000          0         false            false            false       true                  1           false       true          true      true        
SCOPE_SCHEMA       12             QT_Ora9DS       java.lang.String    SCOPE_SCHEMA       string             <null>         <null>        4000                  4000          0         false            false            false       true                  1           false       true          true      true        
SCOPE_TABLE        12             QT_Ora9DS       java.lang.String    SCOPE_TABLE        string             <null>         <null>        4000                  4000          0         false            false            false       true                  1           false       true          true      true        
SOURCE_DATA_TYPE   12             QT_Ora9DS       java.lang.String    SOURCE_DATA_TYPE   string             <null>         <null>        4000                  4000          0         false            false            false       true                  1           false       true          true      true        
IS_AUTOINCREMENT   12             QT_Ora9DS       java.lang.String    IS_AUTOINCREMENT   string             <null>         <null>        4000                  4000          0         false            false            false       true                  1           false       true          true      true        
