string                                                             string                                                           
TABLE_SCHEM                                                        TABLE_CATALOG                                                    
BQT1                                                               QT_Ora9DS                                                        
BQT2                                                               QT_Ora9DS                                                        
SP                                                                 QT_Ora9DS                                                        
SYS                                                                QT_Ora9DS                                                        
SYSADMIN                                                           QT_Ora9DS                                                        
VQT                                                                QT_Ora9DS                                                        
XQT                                                                QT_Ora9DS                                                        
XQTDoc                                                             QT_Ora9DS                                                        
XQTNestedDoc                                                       QT_Ora9DS                                                        
XQTRecursiveDoc                                                    QT_Ora9DS                                                        
pg_catalog                                                         QT_Ora9DS                                                        
Row Count : 11
getColumnName  getColumnType  getCatalogName  getColumnClassName  getColumnLabel  getColumnTypeName  getSchemaName  getTableName  getColumnDisplaySize  getPrecision  getScale  isAutoIncrement  isCaseSensitive  isCurrency  isDefinitelyWritable  isNullable  isReadOnly  isSearchable  isSigned  isWritable  
TABLE_SCHEM    12             QT_Ora9DS       java.lang.String    TABLE_SCHEM     string             SYS            Schemas       255                   255           0         false            true             false       true                  1           false       true          true      true        
TABLE_CATALOG  12             QT_Ora9DS       java.lang.String    TABLE_CATALOG   string             SYS            Schemas       255                   255           0         false            true             false       true                  1           false       true          true      true        
