string                                                             string                                                             string                                                             string                                                             string                                                             string                                                             string                                                             short           string                                                           
VDBName                                                            SchemaName                                                         Name                                                               RESERVED_1                                                         RESERVED_2                                                         RESERVED_3                                                         Description                                                        PROCEDURE_TYPE  Name                                                             
QT_Ora9DS                                                          SP                                                                 sp_all_smalla_rows                                                 <null>                                                             <null>                                                             <null>                                                             <null>                                                             2               sp_all_smalla_rows                                               
QT_Ora9DS                                                          SP                                                                 sp_count_all_smalla_rows                                           <null>                                                             <null>                                                             <null>                                                             <null>                                                             1               sp_count_all_smalla_rows                                         
QT_Ora9DS                                                          SP                                                                 sp_count_rows_between                                              <null>                                                             <null>                                                             <null>                                                             <null>                                                             1               sp_count_rows_between                                            
QT_Ora9DS                                                          SP                                                                 sp_rows_between                                                    <null>                                                             <null>                                                             <null>                                                             <null>                                                             2               sp_rows_between                                                  
QT_Ora9DS                                                          SYS                                                                getXMLSchemas                                                      <null>                                                             <null>                                                             <null>                                                             <null>                                                             2               getXMLSchemas                                                    
QT_Ora9DS                                                          SYSADMIN                                                           refreshMatView                                                     <null>                                                             <null>                                                             <null>                                                             <null>                                                             1               refreshMatView                                                   
QT_Ora9DS                                                          SYSADMIN                                                           refreshMatViewRow                                                  <null>                                                             <null>                                                             <null>                                                             <null>                                                             1               refreshMatViewRow                                                
Row Count : 7
getColumnName   getColumnType  getCatalogName  getColumnClassName  getColumnLabel   getColumnTypeName  getSchemaName  getTableName  getColumnDisplaySize  getPrecision  getScale  isAutoIncrement  isCaseSensitive  isCurrency  isDefinitelyWritable  isNullable  isReadOnly  isSearchable  isSigned  isWritable  
VDBName         12             QT_Ora9DS       java.lang.String    PROCEDURE_CAT    string             SYS            Procedures    255                   255           0         false            false            false       false                 0           true        true          false     false       
SchemaName      12             QT_Ora9DS       java.lang.String    PROCEDURE_SCHEM  string             SYS            Procedures    255                   255           0         false            true             false       true                  1           false       true          true      true        
Name            12             QT_Ora9DS       java.lang.String    PROCEDURE_NAME   string             SYS            Procedures    255                   255           0         false            true             false       false                 0           true        true          false     false       
RESERVED_1      12             QT_Ora9DS       java.lang.String    RESERVED_1       string             <null>         <null>        4000                  4000          0         false            false            false       true                  1           false       true          true      true        
RESERVED_2      12             QT_Ora9DS       java.lang.String    RESERVED_2       string             <null>         <null>        4000                  4000          0         false            false            false       true                  1           false       true          true      true        
RESERVED_3      12             QT_Ora9DS       java.lang.String    RESERVED_3       string             <null>         <null>        4000                  4000          0         false            false            false       true                  1           false       true          true      true        
Description     12             QT_Ora9DS       java.lang.String    REMARKS          string             SYS            Procedures    255                   255           0         false            true             false       true                  1           false       true          true      true        
PROCEDURE_TYPE  5              QT_Ora9DS       java.lang.Short     PROCEDURE_TYPE   short              <null>         <null>        6                     5             0         false            false            false       true                  1           false       true          true      true        
Name            12             QT_Ora9DS       java.lang.String    SPECIFIC_NAME    string             SYS            Procedures    255                   255           0         false            true             false       false                 0           true        true          false     false       
string                                                             string                                                             string                                                             string                                                             string                                                             string                                                             string                                                             short           string                                                           
VDBName                                                            SchemaName                                                         Name                                                               RESERVED_1                                                         RESERVED_2                                                         RESERVED_3                                                         Description                                                        PROCEDURE_TYPE  Name                                                             
Row Count : 0
getColumnName   getColumnType  getCatalogName  getColumnClassName  getColumnLabel   getColumnTypeName  getSchemaName  getTableName  getColumnDisplaySize  getPrecision  getScale  isAutoIncrement  isCaseSensitive  isCurrency  isDefinitelyWritable  isNullable  isReadOnly  isSearchable  isSigned  isWritable  
VDBName         12             QT_Ora9DS       java.lang.String    PROCEDURE_CAT    string             SYS            Procedures    255                   255           0         false            false            false       false                 0           true        true          false     false       
SchemaName      12             QT_Ora9DS       java.lang.String    PROCEDURE_SCHEM  string             SYS            Procedures    255                   255           0         false            true             false       true                  1           false       true          true      true        
Name            12             QT_Ora9DS       java.lang.String    PROCEDURE_NAME   string             SYS            Procedures    255                   255           0         false            true             false       false                 0           true        true          false     false       
RESERVED_1      12             QT_Ora9DS       java.lang.String    RESERVED_1       string             <null>         <null>        4000                  4000          0         false            false            false       true                  1           false       true          true      true        
RESERVED_2      12             QT_Ora9DS       java.lang.String    RESERVED_2       string             <null>         <null>        4000                  4000          0         false            false            false       true                  1           false       true          true      true        
RESERVED_3      12             QT_Ora9DS       java.lang.String    RESERVED_3       string             <null>         <null>        4000                  4000          0         false            false            false       true                  1           false       true          true      true        
Description     12             QT_Ora9DS       java.lang.String    REMARKS          string             SYS            Procedures    255                   255           0         false            true             false       true                  1           false       true          true      true        
PROCEDURE_TYPE  5              QT_Ora9DS       java.lang.Short     PROCEDURE_TYPE   short              <null>         <null>        6                     5             0         false            false            false       true                  1           false       true          true      true        
Name            12             QT_Ora9DS       java.lang.String    SPECIFIC_NAME    string             SYS            Procedures    255                   255           0         false            true             false       false                 0           true        true          false     false       
string                                                             string                                                             string                                                             string                                                             string                                                             string                                                             string                                                             short           string                                                           
VDBName                                                            SchemaName                                                         Name                                                               RESERVED_1                                                         RESERVED_2                                                         RESERVED_3                                                         Description                                                        PROCEDURE_TYPE  Name                                                             
Row Count : 0
getColumnName   getColumnType  getCatalogName  getColumnClassName  getColumnLabel   getColumnTypeName  getSchemaName  getTableName  getColumnDisplaySize  getPrecision  getScale  isAutoIncrement  isCaseSensitive  isCurrency  isDefinitelyWritable  isNullable  isReadOnly  isSearchable  isSigned  isWritable  
VDBName         12             QT_Ora9DS       java.lang.String    PROCEDURE_CAT    string             SYS            Procedures    255                   255           0         false            false            false       false                 0           true        true          false     false       
SchemaName      12             QT_Ora9DS       java.lang.String    PROCEDURE_SCHEM  string             SYS            Procedures    255                   255           0         false            true             false       true                  1           false       true          true      true        
Name            12             QT_Ora9DS       java.lang.String    PROCEDURE_NAME   string             SYS            Procedures    255                   255           0         false            true             false       false                 0           true        true          false     false       
RESERVED_1      12             QT_Ora9DS       java.lang.String    RESERVED_1       string             <null>         <null>        4000                  4000          0         false            false            false       true                  1           false       true          true      true        
RESERVED_2      12             QT_Ora9DS       java.lang.String    RESERVED_2       string             <null>         <null>        4000                  4000          0         false            false            false       true                  1           false       true          true      true        
RESERVED_3      12             QT_Ora9DS       java.lang.String    RESERVED_3       string             <null>         <null>        4000                  4000          0         false            false            false       true                  1           false       true          true      true        
Description     12             QT_Ora9DS       java.lang.String    REMARKS          string             SYS            Procedures    255                   255           0         false            true             false       true                  1           false       true          true      true        
PROCEDURE_TYPE  5              QT_Ora9DS       java.lang.Short     PROCEDURE_TYPE   short              <null>         <null>        6                     5             0         false            false            false       true                  1           false       true          true      true        
Name            12             QT_Ora9DS       java.lang.String    SPECIFIC_NAME    string             SYS            Procedures    255                   255           0         false            true             false       false                 0           true        true          false     false       
