PROCEDURE_CAT[string]	PROCEDURE_SCHEM[string]	PROCEDURE_NAME[string]	RESERVED_1[string]	RESERVED_2[string]	RESERVED_3[string]	REMARKS[string]	PROCEDURE_TYPE[short]	
null	PartsSupplier	System.describe	null	null	null	null	2
null	PartsSupplier	System.getBinaryVDBResource	null	null	null	null	2
null	PartsSupplier	System.getCharacterVDBResource	null	null	null	null	2
null	PartsSupplier	System.getUpdatedCharacterVDBResource	null	null	null	null	2
null	PartsSupplier	System.getVDBResourcePaths	null	null	null	null	2
