string                                                             string                                                             string                                                             string                                                             short    string                                                           
TABLE_CAT                                                          TABLE_SCHEM                                                        TABLE_NAME                                                         COLUMN_NAME                                                        KEY_SEQ  PK_NAME                                                          
test                                                               test                                                               all_models                                                         model_id                                                           1        models_pk                                                        
Row Count : 1
getColumnName  getColumnType  getCatalogName  getColumnClassName  getColumnLabel  getColumnTypeName  getSchemaName  getTableName  getColumnDisplaySize  getPrecision  getScale  isAutoIncrement  isCaseSensitive  isCurrency  isDefinitelyWritable  isNullable  isReadOnly  isSearchable  isSigned  isWritable  
TABLE_CAT      12             test            java.lang.String    TABLE_CAT       string             System         KeyColumns    255                   255           0         false            false            false       false                 0           true        true          false     false       
TABLE_SCHEM    12             test            java.lang.String    TABLE_SCHEM     string             System         KeyColumns    255                   255           0         false            true             false       true                  1           false       true          true      true        
TABLE_NAME     12             test            java.lang.String    TABLE_NAME      string             System         KeyColumns    2048                  2048          0         false            true             false       false                 0           true        true          false     false       
COLUMN_NAME    12             test            java.lang.String    COLUMN_NAME     string             System         KeyColumns    255                   255           0         false            false            false       false                 0           true        true          false     false       
KEY_SEQ        5              test            java.lang.Short     KEY_SEQ         short              <null>         <null>        6                     5             0         false            false            false       true                  1           false       true          true      true        
PK_NAME        12             test            java.lang.String    PK_NAME         string             System         KeyColumns    255                   255           0         false            false            false       false                 1           true        true          false     false       
string                                                             string                                                             string                                                             string                                                             short    string                                                           
TABLE_CAT                                                          TABLE_SCHEM                                                        TABLE_NAME                                                         COLUMN_NAME                                                        KEY_SEQ  PK_NAME                                                          
Row Count : 0
getColumnName  getColumnType  getCatalogName  getColumnClassName  getColumnLabel  getColumnTypeName  getSchemaName  getTableName  getColumnDisplaySize  getPrecision  getScale  isAutoIncrement  isCaseSensitive  isCurrency  isDefinitelyWritable  isNullable  isReadOnly  isSearchable  isSigned  isWritable  
TABLE_CAT      12             test            java.lang.String    TABLE_CAT       string             System         KeyColumns    255                   255           0         false            false            false       false                 0           true        true          false     false       
TABLE_SCHEM    12             test            java.lang.String    TABLE_SCHEM     string             System         KeyColumns    255                   255           0         false            true             false       true                  1           false       true          true      true        
TABLE_NAME     12             test            java.lang.String    TABLE_NAME      string             System         KeyColumns    2048                  2048          0         false            true             false       false                 0           true        true          false     false       
COLUMN_NAME    12             test            java.lang.String    COLUMN_NAME     string             System         KeyColumns    255                   255           0         false            false            false       false                 0           true        true          false     false       
KEY_SEQ        5              test            java.lang.Short     KEY_SEQ         short              <null>         <null>        6                     5             0         false            false            false       true                  1           false       true          true      true        
PK_NAME        12             test            java.lang.String    PK_NAME         string             System         KeyColumns    255                   255           0         false            false            false       false                 1           true        true          false     false       
string                                                             string                                                             string                                                             string                                                             short    string                                                           
TABLE_CAT                                                          TABLE_SCHEM                                                        TABLE_NAME                                                         COLUMN_NAME                                                        KEY_SEQ  PK_NAME                                                          
Row Count : 0
getColumnName  getColumnType  getCatalogName  getColumnClassName  getColumnLabel  getColumnTypeName  getSchemaName  getTableName  getColumnDisplaySize  getPrecision  getScale  isAutoIncrement  isCaseSensitive  isCurrency  isDefinitelyWritable  isNullable  isReadOnly  isSearchable  isSigned  isWritable  
TABLE_CAT      12             test            java.lang.String    TABLE_CAT       string             System         KeyColumns    255                   255           0         false            false            false       false                 0           true        true          false     false       
TABLE_SCHEM    12             test            java.lang.String    TABLE_SCHEM     string             System         KeyColumns    255                   255           0         false            true             false       true                  1           false       true          true      true        
TABLE_NAME     12             test            java.lang.String    TABLE_NAME      string             System         KeyColumns    2048                  2048          0         false            true             false       false                 0           true        true          false     false       
COLUMN_NAME    12             test            java.lang.String    COLUMN_NAME     string             System         KeyColumns    255                   255           0         false            false            false       false                 0           true        true          false     false       
KEY_SEQ        5              test            java.lang.Short     KEY_SEQ         short              <null>         <null>        6                     5             0         false            false            false       true                  1           false       true          true      true        
PK_NAME        12             test            java.lang.String    PK_NAME         string             System         KeyColumns    255                   255           0         false            false            false       false                 1           true        true          false     false       
