string                                                             string                                                             string                                                             string                                                             string                     integer      string                                                             boolean   integer      integer      integer      integer      string      string                                              string                                                             integer    
VDBName                                                            SchemaName                                                         ProcedureName                                                      Name                                                               DataType                   Position     Type                                                               Optional  Precision    TypeLength   Scale        Radix        NullType    UID                                                 Description                                                        OID        
PartsSupplier                                                      SYS                                                                refreshMatView                                                     Invalidate                                                         boolean                    2            In                                                                 false     0            0            0            10           No Nulls    mmuuid:0a04801b-c78e-4ccf-a273-8b6c2fbc4fec         <null>                                                             12         
PartsSupplier                                                      SYS                                                                refreshMatViewRow                                                  Key                                                                object                     2            In                                                                 false     0            0            0            10           No Nulls    mmuuid:c339f41d-5927-4516-849f-b1485c18ee6b         <null>                                                             9          
PartsSupplier                                                      SYS                                                                getVDBResourcePaths                                                ResourcePath                                                       string                     1            ResultSet                                                          false     50           50           0            10           Nullable    mmuuid:ebbffdab-ac7e-41ab-974f-62785b3086f9         <null>                                                             4          
PartsSupplier                                                      SYS                                                                refreshMatViewRow                                                  RowsUpdated                                                        integer                    3            ReturnValue                                                        false     0            0            0            10           No Nulls    mmuuid:882ac88e-8e35-4173-8961-71997ff3552a         <null>                                                             10         
PartsSupplier                                                      SYS                                                                refreshMatView                                                     RowsUpdated                                                        integer                    3            ReturnValue                                                        false     0            0            0            10           No Nulls    mmuuid:ea9da7d7-680a-41fc-8235-989e076f10a1         <null>                                                             13         
PartsSupplier                                                      SYS                                                                getBinaryVDBResource                                               VdbResource                                                        blob                       1            ResultSet                                                          false     0            0            0            10           Nullable    mmuuid:90d1f79d-bd98-46f4-ae8f-adacc329cf0b         <null>                                                             1          
PartsSupplier                                                      SYS                                                                getCharacterVDBResource                                            VdbResource                                                        clob                       1            ResultSet                                                          false     0            0            0            10           Nullable    mmuuid:111f9fa8-74c9-479a-a184-8db64a1eab3c         <null>                                                             3          
PartsSupplier                                                      SYS                                                                refreshMatViewRow                                                  ViewName                                                           string                     1            In                                                                 false     0            0            0            10           No Nulls    mmuuid:db4b20a0-0714-4cab-9a94-96a2171a4231         <null>                                                             8          
PartsSupplier                                                      SYS                                                                refreshMatView                                                     ViewName                                                           string                     1            In                                                                 false     0            0            0            10           No Nulls    mmuuid:9e3b093d-616b-46a2-9789-a963354f2f4c         <null>                                                             11         
PartsSupplier                                                      SYS                                                                getXMLSchemas                                                      document                                                           string                     1            In                                                                 false     0            0            0            10           No Nulls    mmuuid:41f00dca-7bc1-4593-b2a7-a7d64936c2d4         <null>                                                             6          
PartsSupplier                                                      SYS                                                                getVDBResourcePaths                                                isBinary                                                           boolean                    2            ResultSet                                                          false     1            1            0            10           Nullable    mmuuid:e8d087da-9833-4422-a255-f0e0fea2cb61         <null>                                                             5          
PartsSupplier                                                      SYS                                                                getBinaryVDBResource                                               resourcePath                                                       string                     1            In                                                                 false     50           50           0            10           No Nulls    mmuuid:25e5065a-454e-4a87-bf71-b6f71b98319f         <null>                                                             0          
PartsSupplier                                                      SYS                                                                getCharacterVDBResource                                            resourcePath                                                       string                     1            In                                                                 false     50           50           0            10           No Nulls    mmuuid:c54e777f-3cd0-45ad-a18b-e4e93532984f         <null>                                                             2          
PartsSupplier                                                      SYS                                                                getXMLSchemas                                                      schema                                                             xml                        1            ResultSet                                                          false     0            0            0            10           Nullable    mmuuid:f0cb82f2-111e-4433-ae77-59a27fa93991         <null>                                                             7          
Row Count : 14
getColumnName  getColumnType  getCatalogName  getColumnClassName  getColumnLabel  getColumnTypeName  getSchemaName  getTableName     getColumnDisplaySize  getPrecision  getScale  isAutoIncrement  isCaseSensitive  isCurrency  isDefinitelyWritable  isNullable  isReadOnly  isSearchable  isSigned  isWritable  
VDBName        12             PartsSupplier   java.lang.String    VDBName         string             SYS            ProcedureParams  255                   255           0         false            false            false       false                 0           true        true          false     false       
SchemaName     12             PartsSupplier   java.lang.String    SchemaName      string             SYS            ProcedureParams  255                   255           0         false            true             false       true                  1           false       true          true      true        
ProcedureName  12             PartsSupplier   java.lang.String    ProcedureName   string             SYS            ProcedureParams  255                   255           0         false            true             false       false                 0           true        true          false     false       
Name           12             PartsSupplier   java.lang.String    Name            string             SYS            ProcedureParams  255                   255           0         false            false            false       false                 0           true        true          false     false       
DataType       12             PartsSupplier   java.lang.String    DataType        string             SYS            ProcedureParams  25                    25            0         false            true             false       false                 0           true        true          true      false       
Position       4              PartsSupplier   java.lang.Integer   Position        integer            SYS            ProcedureParams  11                    10            0         false            false            false       false                 0           true        true          false     false       
Type           12             PartsSupplier   java.lang.String    Type            string             SYS            ProcedureParams  100                   100           0         false            false            false       false                 0           true        true          false     false       
Optional       -7             PartsSupplier   java.lang.Boolean   Optional        boolean            SYS            ProcedureParams  5                     1             0         false            false            false       false                 0           true        true          false     false       
Precision      4              PartsSupplier   java.lang.Integer   Precision       integer            SYS            ProcedureParams  11                    10            0         false            false            false       false                 0           true        true          false     false       
TypeLength     4              PartsSupplier   java.lang.Integer   TypeLength      integer            SYS            ProcedureParams  11                    10            0         false            false            false       false                 0           true        true          false     false       
Scale          4              PartsSupplier   java.lang.Integer   Scale           integer            SYS            ProcedureParams  11                    10            0         false            false            false       true                  0           false       true          false     true        
Radix          4              PartsSupplier   java.lang.Integer   Radix           integer            SYS            ProcedureParams  11                    10            0         false            false            false       false                 0           true        true          false     false       
NullType       12             PartsSupplier   java.lang.String    NullType        string             SYS            ProcedureParams  10                    10            0         false            false            false       false                 0           true        true          false     false       
UID            12             PartsSupplier   java.lang.String    UID             string             SYS            ProcedureParams  50                    50            0         false            true             false       true                  1           false       true          true      true        
Description    12             PartsSupplier   java.lang.String    Description     string             SYS            ProcedureParams  255                   255           0         false            true             false       true                  1           false       true          true      true        
OID            4              PartsSupplier   java.lang.Integer   OID             integer            SYS            ProcedureParams  11                    10            0         false            false            false       false                 0           true        true          false     false       
