string                                                             string                                                             string                                                             string                                                             boolean         string                                              string                                                             integer    
VDBName                                                            SchemaName                                                         Name                                                               NameInSource                                                       ReturnsResults  UID                                                 Description                                                        OID        
PartsSupplier                                                      SYS                                                                getXMLSchemas                                                      <null>                                                             true            mmuuid:68497bd9-30f5-461b-bf13-6b26aeb2fc4f         <null>                                                             2          
PartsSupplier                                                      SYSADMIN                                                           refreshMatView                                                     <null>                                                             false           mmuuid:52178344-dca8-4c76-8549-00a4515c7044         <null>                                                             1          
PartsSupplier                                                      SYSADMIN                                                           refreshMatViewRow                                                  <null>                                                             false           mmuuid:1674912b-af56-465a-a1b9-d1de8b761f10         <null>                                                             0          
Row Count : 3
getColumnName   getColumnType  getCatalogName  getColumnClassName  getColumnLabel  getColumnTypeName  getSchemaName  getTableName  getColumnDisplaySize  getPrecision  getScale  isAutoIncrement  isCaseSensitive  isCurrency  isDefinitelyWritable  isNullable  isReadOnly  isSearchable  isSigned  isWritable  
VDBName         12             PartsSupplier   java.lang.String    VDBName         string             SYS            Procedures    255                   255           0         false            false            false       false                 0           true        true          false     false       
SchemaName      12             PartsSupplier   java.lang.String    SchemaName      string             SYS            Procedures    255                   255           0         false            true             false       true                  1           false       true          true      true        
Name            12             PartsSupplier   java.lang.String    Name            string             SYS            Procedures    255                   255           0         false            true             false       false                 0           true        true          false     false       
NameInSource    12             PartsSupplier   java.lang.String    NameInSource    string             SYS            Procedures    255                   255           0         false            false            false       false                 1           true        true          false     false       
ReturnsResults  -7             PartsSupplier   java.lang.Boolean   ReturnsResults  boolean            SYS            Procedures    5                     1             0         false            false            false       false                 0           true        true          false     false       
UID             12             PartsSupplier   java.lang.String    UID             string             SYS            Procedures    50                    50            0         false            false            false       false                 0           true        true          false     false       
Description     12             PartsSupplier   java.lang.String    Description     string             SYS            Procedures    255                   255           0         false            true             false       true                  1           false       true          true      true        
OID             4              PartsSupplier   java.lang.Integer   OID             integer            SYS            Procedures    11                    10            0         false            false            false       false                 0           true        true          false     false       
