string                                                             string                                                             string                                                             string                                                             string                                                             string                                                             string                boolean    string                                              string                                              integer    
VDBName                                                            SchemaName                                                         TableName                                                          Name                                                               Description                                                        NameInSource                                                       Type                  IsIndexed  RefKeyUID                                           UID                                                 OID        
PartsSupplier                                                      PartsSupplier                                                      PARTSSUPPLIER.SUPPLIER_PARTS                                       FK_SPLIER_PRTS_PRTS                                                <null>                                                             FK_SPLIER_PRTS_PRTS                                                Foreign               false      mmuuid:07db4240-73ff-1edc-a81c-ecf397b10590         mmuuid:66ddc4c0-73ff-1edc-a81c-ecf397b10590         5          
PartsSupplier                                                      PartsSupplier                                                      PARTSSUPPLIER.SUPPLIER                                             FK_SPLIER_STATS                                                    <null>                                                             FK_SPLIER_STATS                                                    Foreign               false      mmuuid:25a8a740-73ff-1edc-a81c-ecf397b10590         mmuuid:5ac43c00-73ff-1edc-a81c-ecf397b10590         8          
PartsSupplier                                                      PartsSupplier                                                      PARTSSUPPLIER.SUPPLIER_PARTS                                       FK_SPLY_PRTS_SPLY                                                  <null>                                                             FK_SPLY_PRTS_SPLY                                                  Foreign               false      mmuuid:375c8380-73ff-1edc-a81c-ecf397b10590         mmuuid:66ddc4c1-73ff-1edc-a81c-ecf397b10590         6          
PartsSupplier                                                      PartsSupplier                                                      PARTSSUPPLIER.PARTS                                                PK_PARTS                                                           <null>                                                             <null>                                                             Primary               false      <null>                                              mmuuid:07db4240-73ff-1edc-a81c-ecf397b10590         1          
PartsSupplier                                                      PartsSupplier                                                      PARTSSUPPLIER.SHIP_VIA                                             PK_SHIP_VIA                                                        <null>                                                             <null>                                                             Primary               false      <null>                                              mmuuid:18aa3cc0-73ff-1edc-a81c-ecf397b10590         2          
PartsSupplier                                                      PartsSupplier                                                      PARTSSUPPLIER.STATUS                                               PK_STATUS                                                          <null>                                                             <null>                                                             Primary               false      <null>                                              mmuuid:25a8a740-73ff-1edc-a81c-ecf397b10590         3          
PartsSupplier                                                      PartsSupplier                                                      PARTSSUPPLIER.SUPPLIER                                             PK_SUPPLIER                                                        <null>                                                             <null>                                                             Primary               false      <null>                                              mmuuid:375c8380-73ff-1edc-a81c-ecf397b10590         7          
PartsSupplier                                                      PartsSupplier                                                      PARTSSUPPLIER.SUPPLIER_PARTS                                       PK_SUPPLIER_PARTS                                                  <null>                                                             <null>                                                             Primary               false      <null>                                              mmuuid:455e5440-73ff-1edc-a81c-ecf397b10590         4          
PartsSupplier                                                      pg_catalog                                                         matpg_relatt                                                       idx_matpg_relatt_ids                                               <null>                                                             <null>                                                             Index                 false      <null>                                              mmuid:595a823f-cec1-42dc-b8b2-c95c8b4e4e66          14         
PartsSupplier                                                      pg_catalog                                                         matpg_relatt                                                       pk_matpg_relatt_names                                              <null>                                                             <null>                                                             Primary               false      <null>                                              mmuid:23454408-0347-40d2-a3f9-3faa664fb5e9          13         
PartsSupplier                                                      pg_catalog                                                         pg_attribute                                                       pk_pg_attr                                                         <null>                                                             <null>                                                             Primary               false      <null>                                              mmuid:649c1635-60ad-4c28-9b20-035c562bb1be          10         
PartsSupplier                                                      pg_catalog                                                         pg_class                                                           pk_pg_class                                                        <null>                                                             <null>                                                             Primary               false      <null>                                              mmuid:59f7dc95-95fe-4d90-9813-1a097188e768          9          
PartsSupplier                                                      pg_catalog                                                         pg_index                                                           pk_pg_index                                                        <null>                                                             <null>                                                             Primary               false      <null>                                              mmuid:347ec08c-6b41-41d0-8475-031ce7d99ac0          11         
PartsSupplier                                                      pg_catalog                                                         pg_proc                                                            pk_pg_proc                                                         <null>                                                             <null>                                                             Primary               false      <null>                                              mmuid:e5715456-245f-4846-b90b-01d06d1c3672          12         
Row Count : 14
getColumnName  getColumnType  getCatalogName  getColumnClassName  getColumnLabel  getColumnTypeName  getSchemaName  getTableName  getColumnDisplaySize  getPrecision  getScale  isAutoIncrement  isCaseSensitive  isCurrency  isDefinitelyWritable  isNullable  isReadOnly  isSearchable  isSigned  isWritable  
VDBName        12             PartsSupplier   java.lang.String    VDBName         string             SYS            Keys          255                   255           0         false            false            false       false                 0           true        true          false     false       
SchemaName     12             PartsSupplier   java.lang.String    SchemaName      string             SYS            Keys          255                   255           0         false            true             false       true                  1           false       true          true      true        
TableName      12             PartsSupplier   java.lang.String    TableName       string             SYS            Keys          2048                  2048          0         false            true             false       false                 0           true        true          false     false       
Name           12             PartsSupplier   java.lang.String    Name            string             SYS            Keys          255                   255           0         false            false            false       false                 0           true        true          false     false       
Description    12             PartsSupplier   java.lang.String    Description     string             SYS            Keys          255                   255           0         false            false            false       false                 1           true        true          false     false       
NameInSource   12             PartsSupplier   java.lang.String    NameInSource    string             SYS            Keys          255                   255           0         false            false            false       false                 1           true        true          false     false       
Type           12             PartsSupplier   java.lang.String    Type            string             SYS            Keys          20                    20            0         false            false            false       false                 0           true        true          false     false       
IsIndexed      -7             PartsSupplier   java.lang.Boolean   IsIndexed       boolean            SYS            Keys          5                     1             0         false            false            false       false                 0           true        true          false     false       
RefKeyUID      12             PartsSupplier   java.lang.String    RefKeyUID       string             SYS            Keys          50                    50            0         false            false            false       false                 1           true        true          false     false       
UID            12             PartsSupplier   java.lang.String    UID             string             SYS            Keys          50                    50            0         false            false            false       false                 0           true        true          false     false       
OID            4              PartsSupplier   java.lang.Integer   OID             integer            SYS            Keys          11                    10            0         false            false            false       false                 0           true        true          false     false       
