string                                                             boolean     boolean     string                                                             string                                                             integer      integer      string                boolean   boolean            boolean          integer      integer      string                string                                              string                                                            string                                                            string                                                           
Name                                                               IsStandard  IsPhysical  TypeName                                                           JavaClass                                                          Scale        TypeLength   NullType              IsSigned  IsAutoIncremented  IsCaseSensitive  Precision    Radix        SearchType            UID                                                 RuntimeType                                                       BaseType                                                          Description                                                      
ENTITIES                                                           false       false       ENTITIES                                                           java.lang.String                                                   0            0            No Nulls              false     false              false            0            0            Searchable            mmuuid:20360100-e742-1e20-8c26-a038c6ed7576         string                                                            ENTITY                                                            <null>                                                           
ENTITY                                                             false       false       ENTITY                                                             java.lang.String                                                   0            0            No Nulls              false     false              false            0            0            Searchable            mmuuid:9fece300-e71a-1e20-8c26-a038c6ed7576         string                                                            NCName                                                            <null>                                                           
ID                                                                 false       false       ID                                                                 java.lang.String                                                   0            0            No Nulls              false     false              false            0            0            Searchable            mmuuid:88b13dc0-e702-1e20-8c26-a038c6ed7576         string                                                            NCName                                                            <null>                                                           
IDREF                                                              false       false       IDREF                                                              java.lang.String                                                   0            0            No Nulls              false     false              false            0            0            Searchable            mmuuid:dd33ff40-e6df-1e20-8c26-a038c6ed7576         string                                                            NCName                                                            <null>                                                           
IDREFS                                                             false       false       IDREFS                                                             java.lang.String                                                   0            0            No Nulls              false     false              false            0            0            Searchable            mmuuid:3c99f780-e72d-1e20-8c26-a038c6ed7576         string                                                            IDREF                                                             <null>                                                           
NCName                                                             false       false       NCName                                                             java.lang.String                                                   0            0            No Nulls              false     false              false            0            0            Searchable            mmuuid:ac00e000-e676-1e20-8c26-a038c6ed7576         string                                                            Name                                                              <null>                                                           
NMTOKEN                                                            false       false       NMTOKEN                                                            java.lang.String                                                   0            0            No Nulls              false     false              false            0            0            Searchable            mmuuid:4ca2ae00-3a95-1e20-921b-eeee28353879         string                                                            token                                                             <null>                                                           
NMTOKENS                                                           false       false       NMTOKENS                                                           java.lang.String                                                   0            0            No Nulls              false     false              false            0            0            Searchable            mmuuid:4b0f8500-e6a6-1e20-8c26-a038c6ed7576         string                                                            NMTOKEN                                                           <null>                                                           
NOTATION                                                           false       false       NOTATION                                                           java.lang.String                                                   0            0            No Nulls              false     false              false            0            0            Searchable            mmuuid:3dcaf900-e8dc-1e2a-b433-fb67ea35c07e         string                                                            anySimpleType                                                     <null>                                                           
Name                                                               false       false       Name                                                               java.lang.String                                                   0            0            No Nulls              false     false              false            0            0            Searchable            mmuuid:e66c4600-e65b-1e20-8c26-a038c6ed7576         string                                                            token                                                             <null>                                                           
QName                                                              false       false       QName                                                              java.lang.String                                                   0            0            No Nulls              false     false              false            0            0            Searchable            mmuuid:eeb5d780-e8c3-1e2a-b433-fb67ea35c07e         string                                                            anySimpleType                                                     <null>                                                           
XMLLiteral                                                         false       false       XMLLiteral                                                         org.teiid.core.types.XMLType                                       0            0            No Nulls              false     false              false            0            0            Searchable            mmuuid:43f5274e-55e1-1f87-ba1c-eea49143eb32         xml                                                               string                                                            <null>                                                           
anyURI                                                             false       false       anyURI                                                             java.lang.String                                                   0            0            No Nulls              false     false              false            0            0            Searchable            mmuuid:6247ec80-e8a4-1e2a-b433-fb67ea35c07e         string                                                            anySimpleType                                                     <null>                                                           
base64Binary                                                       false       false       base64Binary                                                       java.lang.String                                                   0            0            No Nulls              false     false              false            0            0            Searchable            mmuuid:b4c99380-ebc6-1e2a-9319-8eaa9b2276c7         string                                                            anySimpleType                                                     <null>                                                           
bigdecimal                                                         false       false       bigdecimal                                                         java.math.BigDecimal                                               0            0            No Nulls              false     false              false            0            0            Searchable            mmuuid:f2249740-a078-1e26-9b08-d6079ebe1f0d         bigdecimal                                                        decimal                                                           <null>                                                           
biginteger                                                         false       false       biginteger                                                         java.math.BigInteger                                               0            0            No Nulls              false     false              false            0            0            Searchable            mmuuid:822b9a40-a066-1e26-9b08-d6079ebe1f0d         biginteger                                                        decimal                                                           <null>                                                           
blob                                                               false       false       blob                                                               org.teiid.core.types.BlobType                                      0            0            No Nulls              false     false              false            0            0            Searchable            mmuuid:5a793100-1836-1ed0-ba0f-f2334f5fbf95         blob                                                              base64Binary                                                      <null>                                                           
boolean                                                            false       false       boolean                                                            java.lang.Boolean                                                  0            0            No Nulls              false     false              false            0            0            Searchable            mmuuid:dc476100-c483-1e24-9b01-c8207cd53eb7         boolean                                                           anySimpleType                                                     <null>                                                           
byte                                                               false       false       byte                                                               java.lang.Byte                                                     0            0            No Nulls              false     false              false            0            0            Searchable            mmuuid:26dc1cc0-b9c8-1e21-b812-969c8fc8b016         byte                                                              short                                                             <null>                                                           
char                                                               false       false       char                                                               java.lang.Character                                                0            0            No Nulls              false     false              false            0            0            Searchable            mmuuid:62472700-a064-1e26-9b08-d6079ebe1f0d         char                                                              string                                                            <null>                                                           
clob                                                               false       false       clob                                                               org.teiid.core.types.ClobType                                      0            0            No Nulls              false     false              false            0            0            Searchable            mmuuid:559646c0-4941-1ece-b22b-f49159d22ad3         clob                                                              string                                                            <null>                                                           
date                                                               false       false       date                                                               java.sql.Date                                                      0            0            No Nulls              false     false              false            0            0            Searchable            mmuuid:65dcde00-c4ab-1e24-9b01-c8207cd53eb7         date                                                              anySimpleType                                                     <null>                                                           
dateTime                                                           false       false       dateTime                                                           java.sql.Timestamp                                                 0            0            No Nulls              false     false              false            0            0            Searchable            mmuuid:5c69dec0-b3ea-1e2a-9a03-beb8638ffd21         timestamp                                                         anySimpleType                                                     <null>                                                           
decimal                                                            false       false       decimal                                                            java.math.BigDecimal                                               0            0            No Nulls              false     false              false            0            0            Searchable            mmuuid:569dfa00-c456-1e24-9b01-c8207cd53eb7         bigdecimal                                                        anySimpleType                                                     <null>                                                           
double                                                             false       false       double                                                             java.lang.Double                                                   0            0            No Nulls              false     false              false            0            0            Searchable            mmuuid:1f18b140-c4a3-1e24-9b01-c8207cd53eb7         double                                                            anySimpleType                                                     <null>                                                           
duration                                                           false       false       duration                                                           java.lang.String                                                   0            0            No Nulls              false     false              false            0            0            Searchable            mmuuid:28d98540-b3e7-1e2a-9a03-beb8638ffd21         string                                                            anySimpleType                                                     <null>                                                           
float                                                              false       false       float                                                              java.lang.Float                                                    0            0            No Nulls              false     false              false            0            0            Searchable            mmuuid:d86b0d00-c48a-1e24-9b01-c8207cd53eb7         float                                                             anySimpleType                                                     <null>                                                           
gDay                                                               false       false       gDay                                                               java.math.BigInteger                                               0            0            No Nulls              false     false              false            0            0            Searchable            mmuuid:860b7dc0-b3f8-1e2a-9a03-beb8638ffd21         biginteger                                                        anySimpleType                                                     <null>                                                           
gMonth                                                             false       false       gMonth                                                             java.math.BigInteger                                               0            0            No Nulls              false     false              false            0            0            Searchable            mmuuid:187f5580-b3fb-1e2a-9a03-beb8638ffd21         biginteger                                                        anySimpleType                                                     <null>                                                           
gMonthDay                                                          false       false       gMonthDay                                                          java.sql.Timestamp                                                 0            0            No Nulls              false     false              false            0            0            Searchable            mmuuid:6e604140-b3f5-1e2a-9a03-beb8638ffd21         timestamp                                                         anySimpleType                                                     <null>                                                           
gYear                                                              false       false       gYear                                                              java.math.BigInteger                                               0            0            No Nulls              false     false              false            0            0            Searchable            mmuuid:b02c7600-b3f2-1e2a-9a03-beb8638ffd21         biginteger                                                        anySimpleType                                                     <null>                                                           
gYearMonth                                                         false       false       gYearMonth                                                         java.sql.Timestamp                                                 0            0            No Nulls              false     false              false            0            0            Searchable            mmuuid:17d08040-b3ed-1e2a-9a03-beb8638ffd21         timestamp                                                         anySimpleType                                                     <null>                                                           
hexBinary                                                          false       false       hexBinary                                                          java.lang.String                                                   0            0            No Nulls              false     false              false            0            0            Searchable            mmuuid:d9998500-ebba-1e2a-9319-8eaa9b2276c7         string                                                            anySimpleType                                                     <null>                                                           
int                                                                false       false       int                                                                java.lang.Integer                                                  0            0            No Nulls              false     false              false            0            0            Searchable            mmuuid:33add3c0-b98d-1e21-b812-969c8fc8b016         integer                                                           long                                                              <null>                                                           
integer                                                            false       false       integer                                                            java.math.BigInteger                                               0            0            No Nulls              false     false              false            0            0            Searchable            mmuuid:45da3500-e78f-1e20-8c26-a038c6ed7576         biginteger                                                        decimal                                                           <null>                                                           
language                                                           false       false       language                                                           java.lang.String                                                   0            0            No Nulls              false     false              false            0            0            Searchable            mmuuid:d4d980c0-e623-1e20-8c26-a038c6ed7576         string                                                            token                                                             <null>                                                           
long                                                               false       false       long                                                               java.lang.Long                                                     0            0            No Nulls              false     false              false            0            0            Searchable            mmuuid:8cdee840-b900-1e21-b812-969c8fc8b016         long                                                              integer                                                           <null>                                                           
negativeInteger                                                    false       false       negativeInteger                                                    java.math.BigInteger                                               0            0            No Nulls              false     false              false            0            0            Searchable            mmuuid:86d29280-b8d3-1e21-b812-969c8fc8b016         biginteger                                                        nonPositiveInteger                                                <null>                                                           
nonNegativeInteger                                                 false       false       nonNegativeInteger                                                 java.math.BigInteger                                               0            0            No Nulls              false     false              false            0            0            Searchable            mmuuid:0e081200-b8a4-1e21-b812-969c8fc8b016         biginteger                                                        integer                                                           <null>                                                           
nonPositiveInteger                                                 false       false       nonPositiveInteger                                                 java.math.BigInteger                                               0            0            No Nulls              false     false              false            0            0            Searchable            mmuuid:cbdd6e40-b9d2-1e21-8c26-a038c6ed7576         biginteger                                                        integer                                                           <null>                                                           
normalizedString                                                   false       false       normalizedString                                                   java.lang.String                                                   0            0            No Nulls              false     false              false            0            0            Searchable            mmuuid:4df43700-3b13-1e20-921b-eeee28353879         string                                                            string                                                            <null>                                                           
object                                                             false       false       object                                                             java.lang.Object                                                   0            0            No Nulls              false     false              false            0            0            Searchable            mmuuid:051a0640-b4e8-1e26-9f33-b76fd9d5fa79         object                                                            base64Binary                                                      <null>                                                           
positiveInteger                                                    false       false       positiveInteger                                                    java.math.BigInteger                                               0            0            No Nulls              false     false              false            0            0            Searchable            mmuuid:1cbbd380-b9ea-1e21-b812-969c8fc8b016         biginteger                                                        nonNegativeInteger                                                <null>                                                           
short                                                              false       false       short                                                              java.lang.Short                                                    0            0            No Nulls              false     false              false            0            0            Searchable            mmuuid:5bbcf140-b9ae-1e21-b812-969c8fc8b016         short                                                             int                                                               <null>                                                           
string                                                             false       false       string                                                             java.lang.String                                                   0            0            No Nulls              false     false              false            0            0            Searchable            mmuuid:bf6c34c0-c442-1e24-9b01-c8207cd53eb7         string                                                            anySimpleType                                                     <null>                                                           
time                                                               false       false       time                                                               java.sql.Time                                                      0            0            No Nulls              false     false              false            0            0            Searchable            mmuuid:3b892180-c4a7-1e24-9b01-c8207cd53eb7         time                                                              anySimpleType                                                     <null>                                                           
timestamp                                                          false       false       timestamp                                                          java.sql.Timestamp                                                 0            0            No Nulls              false     false              false            0            0            Searchable            mmuuid:6d9809c0-a07e-1e26-9b08-d6079ebe1f0d         timestamp                                                         string                                                            <null>                                                           
token                                                              false       false       token                                                              java.lang.String                                                   0            0            No Nulls              false     false              false            0            0            Searchable            mmuuid:3425cb80-d844-1e20-9027-be6d2c3b8b3a         string                                                            normalizedString                                                  <null>                                                           
unsignedByte                                                       false       false       unsignedByte                                                       java.lang.Short                                                    0            0            No Nulls              false     false              false            0            0            Searchable            mmuuid:cff745c0-baa2-1e21-b812-969c8fc8b016         short                                                             unsignedShort                                                     <null>                                                           
unsignedInt                                                        false       false       unsignedInt                                                        java.lang.Long                                                     0            0            No Nulls              false     false              false            0            0            Searchable            mmuuid:badcbd80-ba63-1e21-b812-969c8fc8b016         long                                                              unsignedLong                                                      <null>                                                           
unsignedLong                                                       false       false       unsignedLong                                                       java.math.BigInteger                                               0            0            No Nulls              false     false              false            0            0            Searchable            mmuuid:54b98780-ba14-1e21-b812-969c8fc8b016         biginteger                                                        nonNegativeInteger                                                <null>                                                           
unsignedShort                                                      false       false       unsignedShort                                                      java.lang.Integer                                                  0            0            No Nulls              false     false              false            0            0            Searchable            mmuuid:327093c0-ba88-1e21-b812-969c8fc8b016         integer                                                           unsignedInt                                                       <null>                                                           
Row Count : 52
getColumnName      getColumnType  getCatalogName  getColumnClassName  getColumnLabel     getColumnTypeName  getSchemaName  getTableName  getColumnDisplaySize  getPrecision  getScale  isAutoIncrement  isCaseSensitive  isCurrency  isDefinitelyWritable  isNullable  isReadOnly  isSearchable  isSigned  isWritable  
Name               12             PartsSupplier   java.lang.String    Name               string             SYS            DataTypes     100                   100           0         false            true             false       false                 0           true        true          true      false       
IsStandard         -7             PartsSupplier   java.lang.Boolean   IsStandard         boolean            SYS            DataTypes     5                     1             0         false            true             false       false                 1           true        true          true      false       
IsPhysical         -7             PartsSupplier   java.lang.Boolean   IsPhysical         boolean            SYS            DataTypes     5                     1             0         false            true             false       false                 1           true        true          true      false       
TypeName           12             PartsSupplier   java.lang.String    TypeName           string             SYS            DataTypes     100                   100           0         false            false            false       false                 0           true        true          false     false       
JavaClass          12             PartsSupplier   java.lang.String    JavaClass          string             SYS            DataTypes     500                   500           0         false            true             false       false                 0           true        true          false     false       
Scale              4              PartsSupplier   java.lang.Integer   Scale              integer            SYS            DataTypes     11                    10            0         false            false            false       false                 1           true        true          false     false       
TypeLength         4              PartsSupplier   java.lang.Integer   TypeLength         integer            SYS            DataTypes     11                    10            0         false            false            false       false                 0           true        true          false     false       
NullType           12             PartsSupplier   java.lang.String    NullType           string             SYS            DataTypes     20                    20            0         false            true             false       false                 0           true        true          false     false       
IsSigned           -7             PartsSupplier   java.lang.Boolean   IsSigned           boolean            SYS            DataTypes     5                     1             0         false            true             false       false                 0           true        true          false     false       
IsAutoIncremented  -7             PartsSupplier   java.lang.Boolean   IsAutoIncremented  boolean            SYS            DataTypes     5                     1             0         false            true             false       false                 0           true        true          true      false       
IsCaseSensitive    -7             PartsSupplier   java.lang.Boolean   IsCaseSensitive    boolean            SYS            DataTypes     5                     1             0         false            true             false       false                 0           true        true          false     false       
Precision          4              PartsSupplier   java.lang.Integer   Precision          integer            SYS            DataTypes     11                    10            0         false            false            false       false                 0           true        true          false     false       
Radix              4              PartsSupplier   java.lang.Integer   Radix              integer            SYS            DataTypes     11                    10            0         false            false            false       false                 1           true        true          false     false       
SearchType         12             PartsSupplier   java.lang.String    SearchType         string             SYS            DataTypes     20                    20            0         false            false            false       false                 0           true        true          false     false       
UID                12             PartsSupplier   java.lang.String    UID                string             SYS            DataTypes     50                    50            0         false            false            false       false                 0           true        true          true      false       
RuntimeType        12             PartsSupplier   java.lang.String    RuntimeType        string             SYS            DataTypes     64                    64            0         false            true             false       false                 1           true        true          true      false       
BaseType           12             PartsSupplier   java.lang.String    BaseType           string             SYS            DataTypes     64                    64            0         false            true             false       false                 1           true        true          true      false       
Description        12             PartsSupplier   java.lang.String    Description        string             SYS            DataTypes     255                   255           0         false            true             false       true                  1           false       true          true      true        
