string                                                             string                                                             string                                                             string                string                                                             boolean     boolean          string                                              integer      string                                                             boolean   boolean         integer    
VDBName                                                            SchemaName                                                         Name                                                               Type                  NameInSource                                                       IsPhysical  SupportsUpdates  UID                                                 Cardinality  Description                                                        IsSystem  IsMaterialized  OID        
PartsSupplier                                                      SYS                                                                Columns                                                            Table                 <null>                                                             true        false            mmuuid:1c9a5cb2-17b1-4e4a-8b0e-3a42bd052509         0            <null>                                                             true      false           1125375648 
PartsSupplier                                                      SYS                                                                DataTypes                                                          Table                 <null>                                                             true        false            mmuuid:9a8794f9-66f8-49e8-8576-89d212d0f957         0            <null>                                                             true      false           407729263  
PartsSupplier                                                      SYS                                                                KeyColumns                                                         Table                 <null>                                                             true        false            mmuuid:14946083-3bd5-42d5-8283-1c0694347c29         0            <null>                                                             true      false           1906549043 
PartsSupplier                                                      SYS                                                                Keys                                                               Table                 <null>                                                             true        false            mmuuid:1e5135dc-ce5d-4b25-a8ff-63f5440b3108         0            <null>                                                             true      false           -1056482755
PartsSupplier                                                      SYS                                                                MatViews                                                           Table                 <null>                                                             true        true             mmuuid:29f7718e-bd87-4fe0-8b8a-9fec44517de5         0            <null>                                                             false     false           -2028080981
PartsSupplier                                                      PartsSupplier                                                      PARTSSUPPLIER.PARTS                                                Table                 PARTS                                                              true        true             mmuuid:f6276601-73fe-1edc-a81c-ecf397b10590         16           <null>                                                             false     false           1623654648 
PartsSupplier                                                      PartsSupplier                                                      PARTSSUPPLIER.SHIP_VIA                                             Table                 SHIP_VIA                                                           true        true             mmuuid:0f4e9b80-73ff-1edc-a81c-ecf397b10590         4            <null>                                                             false     false           1136825257 
PartsSupplier                                                      PartsSupplier                                                      PARTSSUPPLIER.STATUS                                               Table                 STATUS                                                             true        true             mmuuid:1f297200-73ff-1edc-a81c-ecf397b10590         3            <null>                                                             false     false           -1690137928
PartsSupplier                                                      PartsSupplier                                                      PARTSSUPPLIER.SUPPLIER                                             Table                 SUPPLIER                                                           true        true             mmuuid:2c371ec0-73ff-1edc-a81c-ecf397b10590         16           <null>                                                             false     false           940336727  
PartsSupplier                                                      PartsSupplier                                                      PARTSSUPPLIER.SUPPLIER_PARTS                                       Table                 SUPPLIER_PARTS                                                     true        true             mmuuid:3deafb00-73ff-1edc-a81c-ecf397b10590         227          <null>                                                             false     false           2040149098 
PartsSupplier                                                      SYS                                                                ProcedureParams                                                    Table                 <null>                                                             true        false            mmuuid:a56bd7fe-c87a-411c-8f5d-661975a25626         0            <null>                                                             true      false           1809992480 
PartsSupplier                                                      SYS                                                                Procedures                                                         Table                 <null>                                                             true        false            mmuuid:0bc132a5-9f8d-4a3c-9f5d-98156a98a962         0            <null>                                                             true      false           -364939653 
PartsSupplier                                                      SYS                                                                Properties                                                         Table                 <null>                                                             true        false            mmuuid:7a45e50a-d03f-4548-ba35-761651bbca85         0            <null>                                                             true      false           -1169068629
PartsSupplier                                                      SYS                                                                ReferenceKeyColumns                                                Table                 <null>                                                             true        false            mmuuid:6a9653e8-a337-41b2-86fa-77b98f409a29         0            <null>                                                             true      false           -2944282   
PartsSupplier                                                      SYS                                                                Schemas                                                            Table                 <null>                                                             true        false            mmuuid:8648a554-b2ad-4e8e-84ca-2ec618b311a9         0            <null>                                                             true      false           -69424901  
PartsSupplier                                                      SYS                                                                Tables                                                             Table                 <null>                                                             true        false            mmuuid:8551b3bd-11cc-4049-9bcf-fe91a0eb7ba7         0            <null>                                                             true      false           -820106652 
PartsSupplier                                                      SYS                                                                VirtualDatabases                                                   Table                 <null>                                                             true        false            mmuuid:47297c72-d621-4f4e-af4e-74060ac5f489         0            <null>                                                             true      false           767013857  
PartsSupplier                                                      pg_catalog                                                         pg_am                                                              Table                 <null>                                                             false       false            mmuuid:069bf3d5-79ab-4c78-9ede-b6802e5a0dea         0            <null>                                                             true      false           -1477143417
PartsSupplier                                                      pg_catalog                                                         pg_attrdef                                                         Table                 <null>                                                             false       false            mmuuid:a54429c7-cc41-4112-982b-df76ef3a507d         0            <null>                                                             true      false           1533609944 
PartsSupplier                                                      pg_catalog                                                         pg_attribute                                                       Table                 <null>                                                             false       false            mmuuid:7f89ff91-4ae6-40ff-926d-346c5a61f817         0            <null>                                                             true      false           -224365397 
PartsSupplier                                                      pg_catalog                                                         pg_class                                                           Table                 <null>                                                             false       false            mmuuid:ad51e389-9443-4a7b-984a-5c1875fbd329         0            <null>                                                             true      false           332420260  
PartsSupplier                                                      pg_catalog                                                         pg_database                                                        Table                 <null>                                                             false       false            mmuuid:6ae73c29-0c6f-4ec3-9c09-a262d8e41ac2         0            <null>                                                             true      false           209142477  
PartsSupplier                                                      pg_catalog                                                         pg_index                                                           Table                 <null>                                                             false       false            mmuuid:a3e60b50-8282-4562-81a3-164e2e1481ad         0            <null>                                                             true      false           -1762024459
PartsSupplier                                                      pg_catalog                                                         pg_namespace                                                       Table                 <null>                                                             false       false            mmuuid:38438f3b-7664-4449-8f06-be69b2555a4c         0            <null>                                                             true      false           150756069  
PartsSupplier                                                      pg_catalog                                                         pg_proc                                                            Table                 <null>                                                             false       false            mmuuid:3cffb0db-f326-40e6-890f-9ef7a0980784         0            <null>                                                             true      false           -710458066 
PartsSupplier                                                      pg_catalog                                                         pg_trigger                                                         Table                 <null>                                                             false       false            mmuuid:dbdacb28-7e78-4ae5-8a99-3e3e1c59f641         0            <null>                                                             true      false           -77334293  
PartsSupplier                                                      pg_catalog                                                         pg_type                                                            Table                 <null>                                                             false       false            mmuuid:8024e6eb-ba32-41a0-a250-95a36eb4b71f         0            <null>                                                             true      false           -136764222 
PartsSupplier                                                      pg_catalog                                                         pg_user                                                            Table                 <null>                                                             false       false            mmuuid:0da462b7-bacf-41da-9335-9a12224c462a         0            <null>                                                             true      false           -164161188 
Row Count : 28
getColumnName    getColumnType  getCatalogName  getColumnClassName  getColumnLabel   getColumnTypeName  getSchemaName  getTableName  getColumnDisplaySize  getPrecision  getScale  isAutoIncrement  isCaseSensitive  isCurrency  isDefinitelyWritable  isNullable  isReadOnly  isSearchable  isSigned  isWritable  
VDBName          12             PartsSupplier   java.lang.String    VDBName          string             SYS            Tables        255                   255           0         false            true             false       true                  1           false       true          true      true        
SchemaName       12             PartsSupplier   java.lang.String    SchemaName       string             SYS            Tables        255                   255           0         false            true             false       true                  1           false       true          true      true        
Name             12             PartsSupplier   java.lang.String    Name             string             SYS            Tables        255                   255           0         false            true             false       false                 0           true        true          false     false       
Type             12             PartsSupplier   java.lang.String    Type             string             SYS            Tables        20                    20            0         false            false            false       false                 0           true        true          false     false       
NameInSource     12             PartsSupplier   java.lang.String    NameInSource     string             SYS            Tables        255                   255           0         false            true             false       false                 1           true        true          false     false       
IsPhysical       -7             PartsSupplier   java.lang.Boolean   IsPhysical       boolean            SYS            Tables        5                     1             0         false            true             false       false                 0           true        true          false     false       
SupportsUpdates  -7             PartsSupplier   java.lang.Boolean   SupportsUpdates  boolean            SYS            Tables        5                     1             0         false            false            false       false                 0           true        true          false     false       
UID              12             PartsSupplier   java.lang.String    UID              string             SYS            Tables        50                    50            0         false            false            false       false                 0           true        true          false     false       
Cardinality      4              PartsSupplier   java.lang.Integer   Cardinality      integer            SYS            Tables        11                    10            0         false            true             false       false                 0           true        true          true      false       
Description      12             PartsSupplier   java.lang.String    Description      string             SYS            Tables        255                   255           0         false            true             false       true                  1           false       true          true      true        
IsSystem         -7             PartsSupplier   java.lang.Boolean   IsSystem         boolean            SYS            Tables        5                     1             0         false            true             false       true                  1           false       true          true      true        
IsMaterialized   -7             PartsSupplier   java.lang.Boolean   IsMaterialized   boolean            SYS            Tables        5                     1             0         false            false            false       true                  0           false       true          false     true        
OID              4              PartsSupplier   java.lang.Integer   OID              integer            SYS            Tables        11                    10            0         false            false            false       false                 0           true        true          false     false       
