ColumnName	ColumnType	ColumnTypeName	ColumnClassName	isNullable	TableName	SchemaName	CatalogName	
TABLE_CAT	12	string	java.lang.String	0	KeyColumns	System	PartsSupplier	
TABLE_SCHEM	12	string	java.lang.String	1	KeyColumns	System	PartsSupplier	
TABLE_NAME	12	string	java.lang.String	0	KeyColumns	System	PartsSupplier	
COLUMN_NAME	12	string	java.lang.String	0	KeyColumns	System	PartsSupplier	
KEY_SEQ	5	short	java.lang.Short	1	null	null	PartsSupplier	
PK_NAME	12	string	java.lang.String	1	KeyColumns	System	PartsSupplier	
