TABLE_CAT[string]	TABLE_SCHEM[string]	TABLE_NAME[string]	COLUMN_NAME[string]	KEY_SEQ[short]	PK_NAME[string]
PartsSupplier	PartsSupplier	PARTSSUPPLIER.PARTS	PART_ID	1	PK_PARTS
PartsSupplier	PartsSupplier	PARTSSUPPLIER.SUPPLIER_PARTS	PART_ID	2	PK_SUPPLIER_PARTS
PartsSupplier	PartsSupplier	PARTSSUPPLIER.SHIP_VIA	SHIPPER_ID	1	PK_SHIP_VIA
PartsSupplier	PartsSupplier	PARTSSUPPLIER.STATUS	STATUS_ID	1	PK_STATUS
PartsSupplier	PartsSupplier	PARTSSUPPLIER.SUPPLIER_PARTS	SUPPLIER_ID	1	PK_SUPPLIER_PARTS
PartsSupplier	PartsSupplier	PARTSSUPPLIER.SUPPLIER	SUPPLIER_ID	1	PK_SUPPLIER
