ColumnName	ColumnType	ColumnTypeName	ColumnClassName	isNullable	TableName	SchemaName	CatalogName	
TYPE_CAT	12	string	java.lang.String	2	null	null	PartsSupplier	
TYPE_SCHEM	12	string	java.lang.String	2	null	null	PartsSupplier	
TYPE_NAME	12	string	java.lang.String	2	null	null	PartsSupplier	
CLASS_NAME	12	string	java.lang.String	2	null	null	PartsSupplier	
DATA_TYPE	12	string	java.lang.String	2	null	null	PartsSupplier	
REMARKS	12	string	java.lang.String	2	null	null	PartsSupplier	
BASE_TYPE	5	short	java.lang.Short	2	null	null	PartsSupplier	
