ROW_01	TradeName 1	LegName 1	ROW_12	TradeName 2	LegName 1	ROW_23	TradeName 3	LegName 1	