ROW_01	TradeName 1	ROW_12	TradeName 2	ROW_23	TradeName 3	