string                                                             string                                                             string                                                             string                                                             string                                                             string                                                             string                                                             string                                                             short    integer      integer      string                                                             string                                                             integer      
PKTABLE_CAT                                                        PKTABLE_SCHEM                                                      PKTABLE_NAME                                                       PKCOLUMN_NAME                                                      FKTABLE_CAT                                                        FKTABLE_SCHEM                                                      FKTABLE_NAME                                                       FKCOLUMN_NAME                                                      KEY_SEQ  UPDATE_RULE  DELETE_RULE  FK_NAME                                                            PK_NAME                                                            DEFERRABILITY
test                                                               test                                                               all_databases                                                      database_id                                                        test                                                               test                                                               all_models                                                         database_id                                                        1        3            3            databae_model_fk                                                   databases_pk                                                       5            
Row Count : 1
getColumnName  getColumnType  getCatalogName  getColumnClassName  getColumnLabel  getColumnTypeName  getSchemaName  getTableName         getColumnDisplaySize  getPrecision  getScale  isAutoIncrement  isCaseSensitive  isCurrency  isDefinitelyWritable  isNullable  isReadOnly  isSearchable  isSigned  isWritable  
PKTABLE_CAT    12             test            java.lang.String    PKTABLE_CAT     string             SYS            ReferenceKeyColumns  255                   255           0         false            true             false       true                  1           false       true          true      true        
PKTABLE_SCHEM  12             test            java.lang.String    PKTABLE_SCHEM   string             SYS            ReferenceKeyColumns  255                   255           0         false            true             false       true                  1           false       true          true      true        
PKTABLE_NAME   12             test            java.lang.String    PKTABLE_NAME    string             SYS            ReferenceKeyColumns  255                   255           0         false            true             false       true                  1           false       true          true      true        
PKCOLUMN_NAME  12             test            java.lang.String    PKCOLUMN_NAME   string             SYS            ReferenceKeyColumns  255                   255           0         false            true             false       true                  1           false       true          true      true        
FKTABLE_CAT    12             test            java.lang.String    FKTABLE_CAT     string             SYS            ReferenceKeyColumns  255                   255           0         false            true             false       true                  1           false       true          true      true        
FKTABLE_SCHEM  12             test            java.lang.String    FKTABLE_SCHEM   string             SYS            ReferenceKeyColumns  255                   255           0         false            true             false       true                  1           false       true          true      true        
FKTABLE_NAME   12             test            java.lang.String    FKTABLE_NAME    string             SYS            ReferenceKeyColumns  255                   255           0         false            true             false       true                  1           false       true          true      true        
FKCOLUMN_NAME  12             test            java.lang.String    FKCOLUMN_NAME   string             SYS            ReferenceKeyColumns  255                   255           0         false            true             false       true                  1           false       true          true      true        
KEY_SEQ        5              test            java.lang.Short     KEY_SEQ         short              SYS            ReferenceKeyColumns  6                     5             0         false            true             false       true                  1           false       true          true      true        
UPDATE_RULE    4              test            java.lang.Integer   UPDATE_RULE     integer            SYS            ReferenceKeyColumns  11                    10            0         false            true             false       true                  1           false       true          true      true        
DELETE_RULE    4              test            java.lang.Integer   DELETE_RULE     integer            SYS            ReferenceKeyColumns  11                    10            0         false            true             false       true                  1           false       true          true      true        
FK_NAME        12             test            java.lang.String    FK_NAME         string             SYS            ReferenceKeyColumns  255                   255           0         false            true             false       true                  1           false       true          true      true        
PK_NAME        12             test            java.lang.String    PK_NAME         string             SYS            ReferenceKeyColumns  255                   255           0         false            true             false       true                  1           false       true          true      true        
DEFERRABILITY  4              test            java.lang.Integer   DEFERRABILITY   integer            SYS            ReferenceKeyColumns  11                    10            0         false            true             false       true                  1           false       true          true      true        
string                                                             string                                                             string                                                             string                                                             string                                                             string                                                             string                                                             string                                                             short    integer      integer      string                                                             string                                                             integer      
PKTABLE_CAT                                                        PKTABLE_SCHEM                                                      PKTABLE_NAME                                                       PKCOLUMN_NAME                                                      FKTABLE_CAT                                                        FKTABLE_SCHEM                                                      FKTABLE_NAME                                                       FKCOLUMN_NAME                                                      KEY_SEQ  UPDATE_RULE  DELETE_RULE  FK_NAME                                                            PK_NAME                                                            DEFERRABILITY
Row Count : 0
getColumnName  getColumnType  getCatalogName  getColumnClassName  getColumnLabel  getColumnTypeName  getSchemaName  getTableName         getColumnDisplaySize  getPrecision  getScale  isAutoIncrement  isCaseSensitive  isCurrency  isDefinitelyWritable  isNullable  isReadOnly  isSearchable  isSigned  isWritable  
PKTABLE_CAT    12             test            java.lang.String    PKTABLE_CAT     string             SYS            ReferenceKeyColumns  255                   255           0         false            true             false       true                  1           false       true          true      true        
PKTABLE_SCHEM  12             test            java.lang.String    PKTABLE_SCHEM   string             SYS            ReferenceKeyColumns  255                   255           0         false            true             false       true                  1           false       true          true      true        
PKTABLE_NAME   12             test            java.lang.String    PKTABLE_NAME    string             SYS            ReferenceKeyColumns  255                   255           0         false            true             false       true                  1           false       true          true      true        
PKCOLUMN_NAME  12             test            java.lang.String    PKCOLUMN_NAME   string             SYS            ReferenceKeyColumns  255                   255           0         false            true             false       true                  1           false       true          true      true        
FKTABLE_CAT    12             test            java.lang.String    FKTABLE_CAT     string             SYS            ReferenceKeyColumns  255                   255           0         false            true             false       true                  1           false       true          true      true        
FKTABLE_SCHEM  12             test            java.lang.String    FKTABLE_SCHEM   string             SYS            ReferenceKeyColumns  255                   255           0         false            true             false       true                  1           false       true          true      true        
FKTABLE_NAME   12             test            java.lang.String    FKTABLE_NAME    string             SYS            ReferenceKeyColumns  255                   255           0         false            true             false       true                  1           false       true          true      true        
FKCOLUMN_NAME  12             test            java.lang.String    FKCOLUMN_NAME   string             SYS            ReferenceKeyColumns  255                   255           0         false            true             false       true                  1           false       true          true      true        
KEY_SEQ        5              test            java.lang.Short     KEY_SEQ         short              SYS            ReferenceKeyColumns  6                     5             0         false            true             false       true                  1           false       true          true      true        
UPDATE_RULE    4              test            java.lang.Integer   UPDATE_RULE     integer            SYS            ReferenceKeyColumns  11                    10            0         false            true             false       true                  1           false       true          true      true        
DELETE_RULE    4              test            java.lang.Integer   DELETE_RULE     integer            SYS            ReferenceKeyColumns  11                    10            0         false            true             false       true                  1           false       true          true      true        
FK_NAME        12             test            java.lang.String    FK_NAME         string             SYS            ReferenceKeyColumns  255                   255           0         false            true             false       true                  1           false       true          true      true        
PK_NAME        12             test            java.lang.String    PK_NAME         string             SYS            ReferenceKeyColumns  255                   255           0         false            true             false       true                  1           false       true          true      true        
DEFERRABILITY  4              test            java.lang.Integer   DEFERRABILITY   integer            SYS            ReferenceKeyColumns  11                    10            0         false            true             false       true                  1           false       true          true      true        
string                                                             string                                                             string                                                             string                                                             string                                                             string                                                             string                                                             string                                                             short    integer      integer      string                                                             string                                                             integer      
PKTABLE_CAT                                                        PKTABLE_SCHEM                                                      PKTABLE_NAME                                                       PKCOLUMN_NAME                                                      FKTABLE_CAT                                                        FKTABLE_SCHEM                                                      FKTABLE_NAME                                                       FKCOLUMN_NAME                                                      KEY_SEQ  UPDATE_RULE  DELETE_RULE  FK_NAME                                                            PK_NAME                                                            DEFERRABILITY
Row Count : 0
getColumnName  getColumnType  getCatalogName  getColumnClassName  getColumnLabel  getColumnTypeName  getSchemaName  getTableName         getColumnDisplaySize  getPrecision  getScale  isAutoIncrement  isCaseSensitive  isCurrency  isDefinitelyWritable  isNullable  isReadOnly  isSearchable  isSigned  isWritable  
PKTABLE_CAT    12             test            java.lang.String    PKTABLE_CAT     string             SYS            ReferenceKeyColumns  255                   255           0         false            true             false       true                  1           false       true          true      true        
PKTABLE_SCHEM  12             test            java.lang.String    PKTABLE_SCHEM   string             SYS            ReferenceKeyColumns  255                   255           0         false            true             false       true                  1           false       true          true      true        
PKTABLE_NAME   12             test            java.lang.String    PKTABLE_NAME    string             SYS            ReferenceKeyColumns  255                   255           0         false            true             false       true                  1           false       true          true      true        
PKCOLUMN_NAME  12             test            java.lang.String    PKCOLUMN_NAME   string             SYS            ReferenceKeyColumns  255                   255           0         false            true             false       true                  1           false       true          true      true        
FKTABLE_CAT    12             test            java.lang.String    FKTABLE_CAT     string             SYS            ReferenceKeyColumns  255                   255           0         false            true             false       true                  1           false       true          true      true        
FKTABLE_SCHEM  12             test            java.lang.String    FKTABLE_SCHEM   string             SYS            ReferenceKeyColumns  255                   255           0         false            true             false       true                  1           false       true          true      true        
FKTABLE_NAME   12             test            java.lang.String    FKTABLE_NAME    string             SYS            ReferenceKeyColumns  255                   255           0         false            true             false       true                  1           false       true          true      true        
FKCOLUMN_NAME  12             test            java.lang.String    FKCOLUMN_NAME   string             SYS            ReferenceKeyColumns  255                   255           0         false            true             false       true                  1           false       true          true      true        
KEY_SEQ        5              test            java.lang.Short     KEY_SEQ         short              SYS            ReferenceKeyColumns  6                     5             0         false            true             false       true                  1           false       true          true      true        
UPDATE_RULE    4              test            java.lang.Integer   UPDATE_RULE     integer            SYS            ReferenceKeyColumns  11                    10            0         false            true             false       true                  1           false       true          true      true        
DELETE_RULE    4              test            java.lang.Integer   DELETE_RULE     integer            SYS            ReferenceKeyColumns  11                    10            0         false            true             false       true                  1           false       true          true      true        
FK_NAME        12             test            java.lang.String    FK_NAME         string             SYS            ReferenceKeyColumns  255                   255           0         false            true             false       true                  1           false       true          true      true        
PK_NAME        12             test            java.lang.String    PK_NAME         string             SYS            ReferenceKeyColumns  255                   255           0         false            true             false       true                  1           false       true          true      true        
DEFERRABILITY  4              test            java.lang.Integer   DEFERRABILITY   integer            SYS            ReferenceKeyColumns  11                    10            0         false            true             false       true                  1           false       true          true      true        
