varchar                                                            varchar                                                            varchar                                                            varchar                                                            varchar                                                            bool        bool             varchar                                                            int4         varchar                                                            bool      bool            int4       
vdbname                                                            schemaname                                                         name                                                               type                                                               nameinsource                                                       isphysical  supportsupdates  uid                                                                cardinality  description                                                        issystem  ismaterialized  oid        
parts                                                              SYS                                                                Columns                                                            Table                                                              <null>                                                             true        false            mmuuid:1c9a5cb2-17b1-4e4a-8b0e-3a42bd052509                        0            <null>                                                             true      false           8          
parts                                                              SYS                                                                DataTypes                                                          Table                                                              <null>                                                             true        false            mmuuid:9a8794f9-66f8-49e8-8576-89d212d0f957                        0            <null>                                                             true      false           9          
parts                                                              SYS                                                                KeyColumns                                                         Table                                                              <null>                                                             true        false            mmuuid:14946083-3bd5-42d5-8283-1c0694347c29                        0            <null>                                                             true      false           10         
parts                                                              SYS                                                                Keys                                                               Table                                                              <null>                                                             true        false            mmuuid:1e5135dc-ce5d-4b25-a8ff-63f5440b3108                        0            <null>                                                             true      false           11         
parts                                                              SYSADMIN                                                           MatViews                                                           Table                                                              <null>                                                             true        false            mmuuid:520ba1e8-3553-460f-8d18-9b43f089e256                        0            <null>                                                             true      false           6          
parts                                                              PartsSupplier                                                      PARTSSUPPLIER.PARTS                                                Table                                                              PARTS                                                              true        true             mmuuid:f6276601-73fe-1edc-a81c-ecf397b10590                        16           <null>                                                             false     false           1          
parts                                                              PartsSupplier                                                      PARTSSUPPLIER.SHIP_VIA                                             Table                                                              SHIP_VIA                                                           true        true             mmuuid:0f4e9b80-73ff-1edc-a81c-ecf397b10590                        4            <null>                                                             false     false           2          
parts                                                              PartsSupplier                                                      PARTSSUPPLIER.STATUS                                               Table                                                              STATUS                                                             true        true             mmuuid:1f297200-73ff-1edc-a81c-ecf397b10590                        3            <null>                                                             false     false           3          
parts                                                              PartsSupplier                                                      PARTSSUPPLIER.SUPPLIER                                             Table                                                              SUPPLIER                                                           true        true             mmuuid:2c371ec0-73ff-1edc-a81c-ecf397b10590                        16           <null>                                                             false     false           5          
parts                                                              PartsSupplier                                                      PARTSSUPPLIER.SUPPLIER_PARTS                                       Table                                                              SUPPLIER_PARTS                                                     true        true             mmuuid:3deafb00-73ff-1edc-a81c-ecf397b10590                        227          <null>                                                             false     false           4          
parts                                                              SYS                                                                ProcedureParams                                                    Table                                                              <null>                                                             true        false            mmuuid:a56bd7fe-c87a-411c-8f5d-661975a25626                        0            <null>                                                             true      false           12         
parts                                                              SYS                                                                Procedures                                                         Table                                                              <null>                                                             true        false            mmuuid:0bc132a5-9f8d-4a3c-9f5d-98156a98a962                        0            <null>                                                             true      false           13         
parts                                                              SYS                                                                Properties                                                         Table                                                              <null>                                                             true        false            mmuuid:7a45e50a-d03f-4548-ba35-761651bbca85                        0            <null>                                                             true      false           14         
parts                                                              SYS                                                                ReferenceKeyColumns                                                Table                                                              <null>                                                             true        false            mmuuid:6a9653e8-a337-41b2-86fa-77b98f409a29                        0            <null>                                                             true      false           15         
parts                                                              SYS                                                                Schemas                                                            Table                                                              <null>                                                             true        false            mmuuid:8648a554-b2ad-4e8e-84ca-2ec618b311a9                        0            <null>                                                             true      false           16         
parts                                                              SYS                                                                Tables                                                             Table                                                              <null>                                                             true        false            mmuuid:8551b3bd-11cc-4049-9bcf-fe91a0eb7ba7                        0            <null>                                                             true      false           17         
parts                                                              SYSADMIN                                                           VDBResources                                                       Table                                                              <null>                                                             true        false            mmuuid:1785804d-beaf-4831-9531-e59164fedd49                        0            <null>                                                             true      false           7          
parts                                                              SYS                                                                VirtualDatabases                                                   Table                                                              <null>                                                             true        false            mmuuid:47297c72-d621-4f4e-af4e-74060ac5f489                        0            <null>                                                             true      false           18         
parts                                                              pg_catalog                                                         matpg_relatt                                                       Table                                                              <null>                                                             false       false            mmuid:9bfddc66-af75-4366-8eac-b9fef3421219                         0            <null>                                                             true      true            30         
parts                                                              pg_catalog                                                         pg_am                                                              Table                                                              <null>                                                             false       false            mmuid:1462b28e-0bab-436f-9654-013821506337                         0            <null>                                                             true      false           24         
parts                                                              pg_catalog                                                         pg_attrdef                                                         Table                                                              <null>                                                             false       false            mmuid:71091853-c65e-46a9-9947-aa024f806e2d                         0            <null>                                                             true      false           27         
parts                                                              pg_catalog                                                         pg_attribute                                                       Table                                                              <null>                                                             false       false            mmuid:fa463d98-365f-489a-a707-025193cb51eb                         0            <null>                                                             true      true            21         
parts                                                              pg_catalog                                                         pg_class                                                           Table                                                              <null>                                                             false       false            mmuid:7e21f2e6-06e3-4bca-9b01-72ea47821560                         0            <null>                                                             true      true            20         
parts                                                              pg_catalog                                                         pg_database                                                        Table                                                              <null>                                                             false       false            mmuid:492dd834-907f-429b-aa6e-958ad65204c6                         0            <null>                                                             true      false           28         
parts                                                              pg_catalog                                                         pg_index                                                           Table                                                              <null>                                                             false       false            mmuid:22ac431d-e6e6-4eef-9d74-b31795424e97                         0            <null>                                                             true      true            23         
parts                                                              pg_catalog                                                         pg_namespace                                                       Table                                                              <null>                                                             false       false            mmuid:6609866a-3d7b-4f4b-95fe-ebfac769d699                         0            <null>                                                             true      false           19         
parts                                                              pg_catalog                                                         pg_proc                                                            Table                                                              <null>                                                             false       false            mmuid:da4b747e-7d87-403a-8309-2cdf1399031b                         0            <null>                                                             true      true            25         
parts                                                              pg_catalog                                                         pg_trigger                                                         Table                                                              <null>                                                             false       false            mmuid:9569efdb-21b2-4b4f-a2db-e7406267b8ed                         0            <null>                                                             true      false           26         
parts                                                              pg_catalog                                                         pg_type                                                            Table                                                              <null>                                                             false       false            mmuid:9462e3f8-cd3c-414f-a570-f6f33c40e36a                         0            <null>                                                             true      false           22         
parts                                                              pg_catalog                                                         pg_user                                                            Table                                                              <null>                                                             false       false            mmuid:28d034eb-6f39-402f-b642-9c9560e57247                         0            <null>                                                             true      false           29         
Row Count : 30
getColumnName    getColumnType  getCatalogName  getColumnClassName  getColumnLabel   getColumnTypeName  getSchemaName  getTableName  getColumnDisplaySize  getPrecision  getScale  isAutoIncrement  isCaseSensitive  isCurrency  isDefinitelyWritable  isNullable  isReadOnly  isSearchable  isSigned  isWritable  
vdbname          12                             java.lang.String    vdbname          varchar                                         2147483647            0             0         false            true             false       false                 1           false       true          false     true        
schemaname       12                             java.lang.String    schemaname       varchar                                         2147483647            0             0         false            true             false       false                 1           false       true          false     true        
name             12                             java.lang.String    name             varchar                                         2147483647            0             0         false            true             false       false                 0           false       true          false     true        
type             12                             java.lang.String    type             varchar                                         2147483647            0             0         false            true             false       false                 0           false       true          false     true        
nameinsource     12                             java.lang.String    nameinsource     varchar                                         2147483647            0             0         false            true             false       false                 1           false       true          false     true        
isphysical       -7                             java.lang.Boolean   isphysical       bool                                            1                     1             0         false            false            false       false                 0           false       true          false     true        
supportsupdates  -7                             java.lang.Boolean   supportsupdates  bool                                            1                     1             0         false            false            false       false                 0           false       true          false     true        
uid              12                             java.lang.String    uid              varchar                                         2147483647            0             0         false            true             false       false                 0           false       true          false     true        
cardinality      4                              java.lang.Integer   cardinality      int4                                            11                    10            0         false            false            false       false                 0           false       true          true      true        
description      12                             java.lang.String    description      varchar                                         2147483647            0             0         false            true             false       false                 1           false       true          false     true        
issystem         -7                             java.lang.Boolean   issystem         bool                                            1                     1             0         false            false            false       false                 1           false       true          false     true        
ismaterialized   -7                             java.lang.Boolean   ismaterialized   bool                                            1                     1             0         false            false            false       false                 0           false       true          false     true        
oid              4                              java.lang.Integer   oid              int4                                            11                    10            0         false            false            false       false                 0           false       true          true      true        
